Component: ARM Compiler 6.7 Tool: armlink [5c9ef700]

==============================================================================

Removing Unused input sections from the image.

    Removing startup_gd32f3x0.o(RESET), (336 bytes).
    Removing system_gd32f3x0.o(.text), (0 bytes).
    Removing system_gd32f3x0.o(.ARM.exidx.text.SystemInit), (8 bytes).
    Removing system_gd32f3x0.o(.text.SystemCoreClockUpdate), (184 bytes).
    Removing system_gd32f3x0.o(.ARM.exidx.text.SystemCoreClockUpdate), (8 bytes).
    Removing gd32f3x0_adc.o(.text), (0 bytes).
    Removing gd32f3x0_adc.o(.text.adc_deinit), (22 bytes).
    Removing gd32f3x0_adc.o(.ARM.exidx.text.adc_deinit), (8 bytes).
    Removing gd32f3x0_adc.o(.text.adc_enable), (24 bytes).
    Removing gd32f3x0_adc.o(.ARM.exidx.text.adc_enable), (8 bytes).
    Removing gd32f3x0_adc.o(.text.adc_disable), (16 bytes).
    Removing gd32f3x0_adc.o(.ARM.exidx.text.adc_disable), (8 bytes).
    Removing gd32f3x0_adc.o(.text.adc_calibration_enable), (40 bytes).
    Removing gd32f3x0_adc.o(.ARM.exidx.text.adc_calibration_enable), (8 bytes).
    Removing gd32f3x0_adc.o(.text.adc_dma_mode_enable), (16 bytes).
    Removing gd32f3x0_adc.o(.ARM.exidx.text.adc_dma_mode_enable), (8 bytes).
    Removing gd32f3x0_adc.o(.text.adc_dma_mode_disable), (16 bytes).
    Removing gd32f3x0_adc.o(.ARM.exidx.text.adc_dma_mode_disable), (8 bytes).
    Removing gd32f3x0_adc.o(.text.adc_tempsensor_vrefint_enable), (16 bytes).
    Removing gd32f3x0_adc.o(.ARM.exidx.text.adc_tempsensor_vrefint_enable), (8 bytes).
    Removing gd32f3x0_adc.o(.text.adc_tempsensor_vrefint_disable), (16 bytes).
    Removing gd32f3x0_adc.o(.ARM.exidx.text.adc_tempsensor_vrefint_disable), (8 bytes).
    Removing gd32f3x0_adc.o(.text.adc_vbat_enable), (16 bytes).
    Removing gd32f3x0_adc.o(.ARM.exidx.text.adc_vbat_enable), (8 bytes).
    Removing gd32f3x0_adc.o(.text.adc_vbat_disable), (16 bytes).
    Removing gd32f3x0_adc.o(.ARM.exidx.text.adc_vbat_disable), (8 bytes).
    Removing gd32f3x0_adc.o(.text.adc_discontinuous_mode_config), (68 bytes).
    Removing gd32f3x0_adc.o(.ARM.exidx.text.adc_discontinuous_mode_config), (8 bytes).
    Removing gd32f3x0_adc.o(.text.adc_special_function_config), (84 bytes).
    Removing gd32f3x0_adc.o(.ARM.exidx.text.adc_special_function_config), (8 bytes).
    Removing gd32f3x0_adc.o(.text.adc_data_alignment_config), (24 bytes).
    Removing gd32f3x0_adc.o(.ARM.exidx.text.adc_data_alignment_config), (8 bytes).
    Removing gd32f3x0_adc.o(.text.adc_channel_length_config), (64 bytes).
    Removing gd32f3x0_adc.o(.ARM.exidx.text.adc_channel_length_config), (8 bytes).
    Removing gd32f3x0_adc.o(.text.adc_regular_channel_config), (172 bytes).
    Removing gd32f3x0_adc.o(.ARM.exidx.text.adc_regular_channel_config), (8 bytes).
    Removing gd32f3x0_adc.o(.text.adc_inserted_channel_config), (116 bytes).
    Removing gd32f3x0_adc.o(.ARM.exidx.text.adc_inserted_channel_config), (8 bytes).
    Removing gd32f3x0_adc.o(.text.adc_inserted_channel_offset_config), (32 bytes).
    Removing gd32f3x0_adc.o(.ARM.exidx.text.adc_inserted_channel_offset_config), (8 bytes).
    Removing gd32f3x0_adc.o(.text.adc_external_trigger_config), (60 bytes).
    Removing gd32f3x0_adc.o(.ARM.exidx.text.adc_external_trigger_config), (8 bytes).
    Removing gd32f3x0_adc.o(.text.adc_external_trigger_source_config), (44 bytes).
    Removing gd32f3x0_adc.o(.ARM.exidx.text.adc_external_trigger_source_config), (8 bytes).
    Removing gd32f3x0_adc.o(.text.adc_software_trigger_enable), (36 bytes).
    Removing gd32f3x0_adc.o(.ARM.exidx.text.adc_software_trigger_enable), (8 bytes).
    Removing gd32f3x0_adc.o(.text.adc_regular_data_read), (12 bytes).
    Removing gd32f3x0_adc.o(.ARM.exidx.text.adc_regular_data_read), (8 bytes).
    Removing gd32f3x0_adc.o(.text.adc_inserted_data_read), (40 bytes).
    Removing gd32f3x0_adc.o(.ARM.exidx.text.adc_inserted_data_read), (8 bytes).
    Removing gd32f3x0_adc.o(.text.adc_watchdog_single_channel_enable), (40 bytes).
    Removing gd32f3x0_adc.o(.ARM.exidx.text.adc_watchdog_single_channel_enable), (8 bytes).
    Removing gd32f3x0_adc.o(.text.adc_watchdog_group_channel_enable), (56 bytes).
    Removing gd32f3x0_adc.o(.ARM.exidx.text.adc_watchdog_group_channel_enable), (8 bytes).
    Removing gd32f3x0_adc.o(.text.adc_watchdog_disable), (20 bytes).
    Removing gd32f3x0_adc.o(.ARM.exidx.text.adc_watchdog_disable), (8 bytes).
    Removing gd32f3x0_adc.o(.text.adc_watchdog_threshold_config), (20 bytes).
    Removing gd32f3x0_adc.o(.ARM.exidx.text.adc_watchdog_threshold_config), (8 bytes).
    Removing gd32f3x0_adc.o(.text.adc_resolution_config), (24 bytes).
    Removing gd32f3x0_adc.o(.ARM.exidx.text.adc_resolution_config), (8 bytes).
    Removing gd32f3x0_adc.o(.text.adc_oversample_mode_config), (48 bytes).
    Removing gd32f3x0_adc.o(.ARM.exidx.text.adc_oversample_mode_config), (8 bytes).
    Removing gd32f3x0_adc.o(.text.adc_oversample_mode_enable), (16 bytes).
[...]
    Removing gd32f3x0_rcu.o(.text.rcu_osci_bypass_mode_enable), (52 bytes).
    Removing gd32f3x0_rcu.o(.ARM.exidx.text.rcu_osci_bypass_mode_enable), (8 bytes).
    Removing gd32f3x0_rcu.o(.text.rcu_osci_bypass_mode_disable), (52 bytes).
    Removing gd32f3x0_rcu.o(.ARM.exidx.text.rcu_osci_bypass_mode_disable), (8 bytes).
    Removing gd32f3x0_rcu.o(.text.rcu_hxtal_clock_monitor_enable), (16 bytes).
    Removing gd32f3x0_rcu.o(.ARM.exidx.text.rcu_hxtal_clock_monitor_enable), (8 bytes).
    Removing gd32f3x0_rcu.o(.text.rcu_hxtal_clock_monitor_disable), (16 bytes).
    Removing gd32f3x0_rcu.o(.ARM.exidx.text.rcu_hxtal_clock_monitor_disable), (8 bytes).
    Removing gd32f3x0_rcu.o(.text.rcu_irc8m_adjust_value_set), (20 bytes).
    Removing gd32f3x0_rcu.o(.ARM.exidx.text.rcu_irc8m_adjust_value_set), (8 bytes).
    Removing gd32f3x0_rcu.o(.text.rcu_irc28m_adjust_value_set), (20 bytes).
    Removing gd32f3x0_rcu.o(.ARM.exidx.text.rcu_irc28m_adjust_value_set), (8 bytes).
    Removing gd32f3x0_rcu.o(.text.rcu_voltage_key_unlock), (28 bytes).
    Removing gd32f3x0_rcu.o(.ARM.exidx.text.rcu_voltage_key_unlock), (8 bytes).
    Removing gd32f3x0_rcu.o(.text.rcu_deepsleep_voltage_set), (24 bytes).
    Removing gd32f3x0_rcu.o(.ARM.exidx.text.rcu_deepsleep_voltage_set), (8 bytes).
    Removing gd32f3x0_rcu.o(.text.rcu_clock_freq_get), (444 bytes).
    Removing gd32f3x0_rcu.o(.ARM.exidx.text.rcu_clock_freq_get), (8 bytes).
    Removing gd32f3x0_rtc.o(.text), (0 bytes).
    Removing gd32f3x0_rtc.o(.text.rtc_deinit), (72 bytes).
    Removing gd32f3x0_rtc.o(.ARM.exidx.text.rtc_deinit), (8 bytes).
    Removing gd32f3x0_rtc.o(.text.rtc_init_mode_enter), (56 bytes).
    Removing gd32f3x0_rtc.o(.ARM.exidx.text.rtc_init_mode_enter), (8 bytes).
    Removing gd32f3x0_rtc.o(.text.rtc_register_sync_wait), (76 bytes).
    Removing gd32f3x0_rtc.o(.ARM.exidx.text.rtc_register_sync_wait), (8 bytes).
    Removing gd32f3x0_rtc.o(.text.rtc_init), (168 bytes).
    Removing gd32f3x0_rtc.o(.ARM.exidx.text.rtc_init), (8 bytes).
    Removing gd32f3x0_rtc.o(.text.rtc_init_mode_exit), (16 bytes).
    Removing gd32f3x0_rtc.o(.ARM.exidx.text.rtc_init_mode_exit), (8 bytes).
    Removing gd32f3x0_rtc.o(.text.rtc_current_time_get), (88 bytes).
    Removing gd32f3x0_rtc.o(.ARM.exidx.text.rtc_current_time_get), (8 bytes).
    Removing gd32f3x0_rtc.o(.text.rtc_subsecond_get), (12 bytes).
    Removing gd32f3x0_rtc.o(.ARM.exidx.text.rtc_subsecond_get), (8 bytes).
    Removing gd32f3x0_rtc.o(.text.rtc_alarm_config), (84 bytes).
    Removing gd32f3x0_rtc.o(.ARM.exidx.text.rtc_alarm_config), (8 bytes).
    Removing gd32f3x0_rtc.o(.text.rtc_alarm_subsecond_config), (24 bytes).
    Removing gd32f3x0_rtc.o(.ARM.exidx.text.rtc_alarm_subsecond_config), (8 bytes).
    Removing gd32f3x0_rtc.o(.text.rtc_alarm_get), (52 bytes).
    Removing gd32f3x0_rtc.o(.ARM.exidx.text.rtc_alarm_get), (8 bytes).
    Removing gd32f3x0_rtc.o(.text.rtc_alarm_subsecond_get), (16 bytes).
    Removing gd32f3x0_rtc.o(.ARM.exidx.text.rtc_alarm_subsecond_get), (8 bytes).
    Removing gd32f3x0_rtc.o(.text.rtc_alarm_enable), (28 bytes).
    Removing gd32f3x0_rtc.o(.ARM.exidx.text.rtc_alarm_enable), (8 bytes).
    Removing gd32f3x0_rtc.o(.text.rtc_alarm_disable), (56 bytes).
    Removing gd32f3x0_rtc.o(.ARM.exidx.text.rtc_alarm_disable), (8 bytes).
    Removing gd32f3x0_rtc.o(.text.rtc_timestamp_enable), (36 bytes).
    Removing gd32f3x0_rtc.o(.ARM.exidx.text.rtc_timestamp_enable), (8 bytes).
    Removing gd32f3x0_rtc.o(.text.rtc_timestamp_disable), (28 bytes).
    Removing gd32f3x0_rtc.o(.ARM.exidx.text.rtc_timestamp_disable), (8 bytes).
    Removing gd32f3x0_rtc.o(.text.rtc_timestamp_get), (56 bytes).
    Removing gd32f3x0_rtc.o(.ARM.exidx.text.rtc_timestamp_get), (8 bytes).
    Removing gd32f3x0_rtc.o(.text.rtc_timestamp_subsecond_get), (12 bytes).
    Removing gd32f3x0_rtc.o(.ARM.exidx.text.rtc_timestamp_subsecond_get), (8 bytes).
    Removing gd32f3x0_rtc.o(.text.rtc_tamper_enable), (124 bytes).
    Removing gd32f3x0_rtc.o(.ARM.exidx.text.rtc_tamper_enable), (8 bytes).
    Removing gd32f3x0_rtc.o(.text.rtc_tamper_disable), (16 bytes).
    Removing gd32f3x0_rtc.o(.ARM.exidx.text.rtc_tamper_disable), (8 bytes).
    Removing gd32f3x0_rtc.o(.text.rtc_interrupt_enable), (40 bytes).
    Removing gd32f3x0_rtc.o(.ARM.exidx.text.rtc_interrupt_enable), (8 bytes).
    Removing gd32f3x0_rtc.o(.text.rtc_interrupt_disable), (52 bytes).
    Removing gd32f3x0_rtc.o(.ARM.exidx.text.rtc_interrupt_disable), (8 bytes).
    Removing gd32f3x0_rtc.o(.text.rtc_flag_get), (16 bytes).
    Removing gd32f3x0_rtc.o(.ARM.exidx.text.rtc_flag_get), (8 bytes).
    Removing gd32f3x0_rtc.o(.text.rtc_flag_clear), (16 bytes).
    Removing gd32f3x0_rtc.o(.ARM.exidx.text.rtc_flag_clear), (8 bytes).
    Removing gd32f3x0_rtc.o(.text.rtc_alter_output_config), (60 bytes).
    Removing gd32f3x0_rtc.o(.ARM.exidx.text.rtc_alter_output_config), (8 bytes).
    Removing gd32f3x0_rtc.o(.text.rtc_calibration_config), (64 bytes).
    Removing gd32f3x0_rtc.o(.ARM.exidx.text.rtc_calibration_config), (8 bytes).
    Removing gd32f3x0_rtc.o(.text.rtc_hour_adjust), (28 bytes).
    Removing gd32f3x0_rtc.o(.ARM.exidx.text.rtc_hour_adjust), (8 bytes).
    Removing gd32f3x0_rtc.o(.text.rtc_second_adjust), (72 bytes).
    Removing gd32f3x0_rtc.o(.ARM.exidx.text.rtc_second_adjust), (8 bytes).
    Removing gd32f3x0_rtc.o(.text.rtc_bypass_shadow_enable), (28 bytes).
    Removing gd32f3x0_rtc.o(.ARM.exidx.text.rtc_bypass_shadow_enable), (8 bytes).
    Removing gd32f3x0_rtc.o(.text.rtc_bypass_shadow_disable), (28 bytes).
    Removing gd32f3x0_rtc.o(.ARM.exidx.text.rtc_bypass_shadow_disable), (8 bytes).
    Removing gd32f3x0_rtc.o(.text.rtc_refclock_detection_enable), (44 bytes).
    Removing gd32f3x0_rtc.o(.ARM.exidx.text.rtc_refclock_detection_enable), (8 bytes).
    Removing gd32f3x0_rtc.o(.text.rtc_refclock_detection_disable), (44 bytes).
    Removing gd32f3x0_rtc.o(.ARM.exidx.text.rtc_refclock_detection_disable), (8 bytes).
    Removing gd32f3x0_spi.o(.text), (0 bytes).
    Removing gd32f3x0_spi.o(.text.spi_i2s_deinit), (64 bytes).
    Removing gd32f3x0_spi.o(.ARM.exidx.text.spi_i2s_deinit), (8 bytes).
    Removing gd32f3x0_spi.o(.text.spi_struct_para_init), (10 bytes).
    Removing gd32f3x0_spi.o(.ARM.exidx.text.spi_struct_para_init), (8 bytes).
    Removing gd32f3x0_spi.o(.text.spi_init), (50 bytes).
    Removing gd32f3x0_spi.o(.ARM.exidx.text.spi_init), (8 bytes).
    Removing gd32f3x0_spi.o(.text.spi_enable), (10 bytes).
    Removing gd32f3x0_spi.o(.ARM.exidx.text.spi_enable), (8 bytes).
    Removing gd32f3x0_spi.o(.text.spi_disable), (10 bytes).
    Removing gd32f3x0_spi.o(.ARM.exidx.text.spi_disable), (8 bytes).
    Removing gd32f3x0_spi.o(.text.i2s_init), (22 bytes).
    Removing gd32f3x0_spi.o(.ARM.exidx.text.i2s_init), (8 bytes).
    Removing gd32f3x0_spi.o(.text.i2s_psc_config), (106 bytes).
    Removing gd32f3x0_spi.o(.ARM.exidx.text.i2s_psc_config), (8 bytes).
    Removing gd32f3x0_spi.o(.text.i2s_enable), (10 bytes).
    Removing gd32f3x0_spi.o(.ARM.exidx.text.i2s_enable), (8 bytes).
    Removing gd32f3x0_spi.o(.text.i2s_disable), (10 bytes).
    Removing gd32f3x0_spi.o(.ARM.exidx.text.i2s_disable), (8 bytes).
    Removing gd32f3x0_spi.o(.text.spi_nss_output_enable), (10 bytes).
    Removing gd32f3x0_spi.o(.ARM.exidx.text.spi_nss_output_enable), (8 bytes).
    Removing gd32f3x0_spi.o(.text.spi_nss_output_disable), (10 bytes).
    Removing gd32f3x0_spi.o(.ARM.exidx.text.spi_nss_output_disable), (8 bytes).
    Removing gd32f3x0_spi.o(.text.spi_nss_internal_high), (10 bytes).
    Removing gd32f3x0_spi.o(.ARM.exidx.text.spi_nss_internal_high), (8 bytes).
    Removing gd32f3x0_spi.o(.text.spi_nss_internal_low), (10 bytes).
    Removing gd32f3x0_spi.o(.ARM.exidx.text.spi_nss_internal_low), (8 bytes).
    Removing gd32f3x0_spi.o(.text.spi_dma_enable), (16 bytes).
    Removing gd32f3x0_spi.o(.ARM.exidx.text.spi_dma_enable), (8 bytes).
    Removing gd32f3x0_spi.o(.text.spi_dma_disable), (20 bytes).
    Removing gd32f3x0_spi.o(.ARM.exidx.text.spi_dma_disable), (8 bytes).
    Removing gd32f3x0_spi.o(.text.spi_i2s_data_frame_format_config), (16 bytes).
    Removing gd32f3x0_spi.o(.ARM.exidx.text.spi_i2s_data_frame_format_config), (8 bytes).
    Removing gd32f3x0_spi.o(.text.spi_bidirectional_transfer_config), (20 bytes).
    Removing gd32f3x0_spi.o(.ARM.exidx.text.spi_bidirectional_transfer_config), (8 bytes).
    Removing gd32f3x0_spi.o(.text.spi_i2s_data_transmit), (4 bytes).
    Removing gd32f3x0_spi.o(.ARM.exidx.text.spi_i2s_data_transmit), (8 bytes).
    Removing gd32f3x0_spi.o(.text.spi_i2s_data_receive), (6 bytes).
    Removing gd32f3x0_spi.o(.ARM.exidx.text.spi_i2s_data_receive), (8 bytes).
    Removing gd32f3x0_spi.o(.text.spi_i2s_format_error_clear), (6 bytes).
    Removing gd32f3x0_spi.o(.ARM.exidx.text.spi_i2s_format_error_clear), (8 bytes).
    Removing gd32f3x0_spi.o(.text.spi_crc_polynomial_set), (12 bytes).
    Removing gd32f3x0_spi.o(.ARM.exidx.text.spi_crc_polynomial_set), (8 bytes).
    Removing gd32f3x0_spi.o(.text.spi_crc_polynomial_get), (6 bytes).
    Removing gd32f3x0_spi.o(.ARM.exidx.text.spi_crc_polynomial_get), (8 bytes).
    Removing gd32f3x0_spi.o(.text.spi_crc_on), (10 bytes).
    Removing gd32f3x0_spi.o(.ARM.exidx.text.spi_crc_on), (8 bytes).
    Removing gd32f3x0_spi.o(.text.spi_crc_off), (10 bytes).
    Removing gd32f3x0_spi.o(.ARM.exidx.text.spi_crc_off), (8 bytes).
    Removing gd32f3x0_spi.o(.text.spi_crc_next), (10 bytes).
    Removing gd32f3x0_spi.o(.ARM.exidx.text.spi_crc_next), (8 bytes).
    Removing gd32f3x0_spi.o(.text.spi_crc_get), (14 bytes).
    Removing gd32f3x0_spi.o(.ARM.exidx.text.spi_crc_get), (8 bytes).
    Removing gd32f3x0_spi.o(.text.spi_crc_error_clear), (8 bytes).
    Removing gd32f3x0_spi.o(.ARM.exidx.text.spi_crc_error_clear), (8 bytes).
    Removing gd32f3x0_spi.o(.text.spi_ti_mode_enable), (10 bytes).
    Removing gd32f3x0_spi.o(.ARM.exidx.text.spi_ti_mode_enable), (8 bytes).
    Removing gd32f3x0_spi.o(.text.spi_ti_mode_disable), (10 bytes).
    Removing gd32f3x0_spi.o(.ARM.exidx.text.spi_ti_mode_disable), (8 bytes).
    Removing gd32f3x0_spi.o(.text.spi_nssp_mode_enable), (10 bytes).
    Removing gd32f3x0_spi.o(.ARM.exidx.text.spi_nssp_mode_enable), (8 bytes).
    Removing gd32f3x0_spi.o(.text.spi_nssp_mode_disable), (10 bytes).
    Removing gd32f3x0_spi.o(.ARM.exidx.text.spi_nssp_mode_disable), (8 bytes).
    Removing gd32f3x0_spi.o(.text.spi_quad_enable), (14 bytes).
    Removing gd32f3x0_spi.o(.ARM.exidx.text.spi_quad_enable), (8 bytes).
    Removing gd32f3x0_spi.o(.text.spi_quad_disable), (14 bytes).
    Removing gd32f3x0_spi.o(.ARM.exidx.text.spi_quad_disable), (8 bytes).
    Removing gd32f3x0_spi.o(.text.spi_quad_write_enable), (14 bytes).
    Removing gd32f3x0_spi.o(.ARM.exidx.text.spi_quad_write_enable), (8 bytes).
    Removing gd32f3x0_spi.o(.text.spi_quad_read_enable), (14 bytes).
    Removing gd32f3x0_spi.o(.ARM.exidx.text.spi_quad_read_enable), (8 bytes).
    Removing gd32f3x0_spi.o(.text.spi_quad_io23_output_enable), (14 bytes).
    Removing gd32f3x0_spi.o(.ARM.exidx.text.spi_quad_io23_output_enable), (8 bytes).
    Removing gd32f3x0_spi.o(.text.spi_quad_io23_output_disable), (14 bytes).
    Removing gd32f3x0_spi.o(.ARM.exidx.text.spi_quad_io23_output_disable), (8 bytes).
    Removing gd32f3x0_spi.o(.text.spi_i2s_flag_get), (10 bytes).
    Removing gd32f3x0_spi.o(.ARM.exidx.text.spi_i2s_flag_get), (8 bytes).
    Removing gd32f3x0_spi.o(.text.spi_i2s_interrupt_enable), (8 bytes).
    Removing gd32f3x0_spi.o(.ARM.exidx.text.spi_i2s_interrupt_enable), (8 bytes).
    Removing gd32f3x0_spi.o(.text.spi_i2s_interrupt_disable), (10 bytes).
    Removing gd32f3x0_spi.o(.ARM.exidx.text.spi_i2s_interrupt_disable), (8 bytes).
    Removing gd32f3x0_spi.o(.text.spi_i2s_interrupt_flag_get), (104 bytes).
    Removing gd32f3x0_spi.o(.ARM.exidx.text.spi_i2s_interrupt_flag_get), (8 bytes).
    Removing gd32f3x0_syscfg.o(.text), (0 bytes).
    Removing gd32f3x0_syscfg.o(.text.syscfg_deinit), (22 bytes).
    Removing gd32f3x0_syscfg.o(.ARM.exidx.text.syscfg_deinit), (8 bytes).
    Removing gd32f3x0_syscfg.o(.text.syscfg_dma_remap_enable), (16 bytes).
    Removing gd32f3x0_syscfg.o(.ARM.exidx.text.syscfg_dma_remap_enable), (8 bytes).
    Removing gd32f3x0_syscfg.o(.text.syscfg_dma_remap_disable), (16 bytes).
    Removing gd32f3x0_syscfg.o(.ARM.exidx.text.syscfg_dma_remap_disable), (8 bytes).
    Removing gd32f3x0_syscfg.o(.text.syscfg_high_current_enable), (16 bytes).
    Removing gd32f3x0_syscfg.o(.ARM.exidx.text.syscfg_high_current_enable), (8 bytes).
    Removing gd32f3x0_syscfg.o(.text.syscfg_high_current_disable), (16 bytes).
    Removing gd32f3x0_syscfg.o(.ARM.exidx.text.syscfg_high_current_disable), (8 bytes).
    Removing gd32f3x0_syscfg.o(.text.syscfg_exti_line_config), (72 bytes).
    Removing gd32f3x0_syscfg.o(.ARM.exidx.text.syscfg_exti_line_config), (8 bytes).
    Removing gd32f3x0_syscfg.o(.text.syscfg_lock_config), (16 bytes).
    Removing gd32f3x0_syscfg.o(.ARM.exidx.text.syscfg_lock_config), (8 bytes).
    Removing gd32f3x0_syscfg.o(.text.syscfg_flag_get), (16 bytes).
    Removing gd32f3x0_syscfg.o(.ARM.exidx.text.syscfg_flag_get), (8 bytes).
    Removing gd32f3x0_syscfg.o(.text.syscfg_flag_clear), (16 bytes).
    Removing gd32f3x0_syscfg.o(.ARM.exidx.text.syscfg_flag_clear), (8 bytes).
    Removing gd32f3x0_syscfg.o(.text.syscfg_compensation_config), (20 bytes).
    Removing gd32f3x0_syscfg.o(.ARM.exidx.text.syscfg_compensation_config), (8 bytes).
    Removing gd32f3x0_syscfg.o(.text.syscfg_cps_rdy_flag_get), (16 bytes).
    Removing gd32f3x0_syscfg.o(.ARM.exidx.text.syscfg_cps_rdy_flag_get), (8 bytes).
    Removing gd32f3x0_timer.o(.text), (0 bytes).
    Removing gd32f3x0_timer.o(.text.timer_deinit), (240 bytes).
    Removing gd32f3x0_timer.o(.ARM.exidx.text.timer_deinit), (8 bytes).
    Removing gd32f3x0_timer.o(.text.timer_struct_para_init), (20 bytes).
    Removing gd32f3x0_timer.o(.ARM.exidx.text.timer_struct_para_init), (8 bytes).
    Removing gd32f3x0_timer.o(.text.timer_init), (176 bytes).
    Removing gd32f3x0_timer.o(.ARM.exidx.text.timer_init), (8 bytes).
    Removing gd32f3x0_timer.o(.text.timer_enable), (10 bytes).
    Removing gd32f3x0_timer.o(.ARM.exidx.text.timer_enable), (8 bytes).
    Removing gd32f3x0_timer.o(.text.timer_disable), (10 bytes).
    Removing gd32f3x0_timer.o(.ARM.exidx.text.timer_disable), (8 bytes).
    Removing gd32f3x0_timer.o(.text.timer_auto_reload_shadow_enable), (10 bytes).
    Removing gd32f3x0_timer.o(.ARM.exidx.text.timer_auto_reload_shadow_enable), (8 bytes).
    Removing gd32f3x0_timer.o(.text.timer_auto_reload_shadow_disable), (10 bytes).
    Removing gd32f3x0_timer.o(.ARM.exidx.text.timer_auto_reload_shadow_disable), (8 bytes).
    Removing gd32f3x0_timer.o(.text.timer_update_event_enable), (10 bytes).
    Removing gd32f3x0_timer.o(.ARM.exidx.text.timer_update_event_enable), (8 bytes).
    Removing gd32f3x0_timer.o(.text.timer_update_event_disable), (10 bytes).
    Removing gd32f3x0_timer.o(.ARM.exidx.text.timer_update_event_disable), (8 bytes).
    Removing gd32f3x0_timer.o(.text.timer_counter_alignment), (16 bytes).
    Removing gd32f3x0_timer.o(.ARM.exidx.text.timer_counter_alignment), (8 bytes).
    Removing gd32f3x0_timer.o(.text.timer_counter_up_direction), (10 bytes).
    Removing gd32f3x0_timer.o(.ARM.exidx.text.timer_counter_up_direction), (8 bytes).
    Removing gd32f3x0_timer.o(.text.timer_counter_down_direction), (10 bytes).
    Removing gd32f3x0_timer.o(.ARM.exidx.text.timer_counter_down_direction), (8 bytes).
    Removing gd32f3x0_timer.o(.text.timer_prescaler_config), (18 bytes).
    Removing gd32f3x0_timer.o(.ARM.exidx.text.timer_prescaler_config), (8 bytes).
    Removing gd32f3x0_timer.o(.text.timer_repetition_value_config), (4 bytes).
    Removing gd32f3x0_timer.o(.ARM.exidx.text.timer_repetition_value_config), (8 bytes).
    Removing gd32f3x0_timer.o(.text.timer_autoreload_value_config), (4 bytes).
    Removing gd32f3x0_timer.o(.ARM.exidx.text.timer_autoreload_value_config), (8 bytes).
    Removing gd32f3x0_timer.o(.text.timer_counter_value_config), (4 bytes).
    Removing gd32f3x0_timer.o(.ARM.exidx.text.timer_counter_value_config), (8 bytes).
    Removing gd32f3x0_timer.o(.text.timer_counter_read), (4 bytes).
    Removing gd32f3x0_timer.o(.ARM.exidx.text.timer_counter_read), (8 bytes).
    Removing gd32f3x0_timer.o(.text.timer_prescaler_read), (6 bytes).
    Removing gd32f3x0_timer.o(.ARM.exidx.text.timer_prescaler_read), (8 bytes).
    Removing gd32f3x0_timer.o(.text.timer_single_pulse_mode_config), (24 bytes).
    Removing gd32f3x0_timer.o(.ARM.exidx.text.timer_single_pulse_mode_config), (8 bytes).
    Removing gd32f3x0_timer.o(.text.timer_update_source_config), (24 bytes).
    Removing gd32f3x0_timer.o(.ARM.exidx.text.timer_update_source_config), (8 bytes).
    Removing gd32f3x0_timer.o(.text.timer_ocpre_clear_source_config), (26 bytes).
    Removing gd32f3x0_timer.o(.ARM.exidx.text.timer_ocpre_clear_source_config), (8 bytes).
    Removing gd32f3x0_timer.o(.text.timer_flag_get), (10 bytes).
    Removing gd32f3x0_timer.o(.ARM.exidx.text.timer_flag_get), (8 bytes).
    Removing gd32f3x0_timer.o(.text.timer_flag_clear), (6 bytes).
    Removing gd32f3x0_timer.o(.ARM.exidx.text.timer_flag_clear), (8 bytes).
    Removing gd32f3x0_timer.o(.text.timer_interrupt_enable), (8 bytes).
    Removing gd32f3x0_timer.o(.ARM.exidx.text.timer_interrupt_enable), (8 bytes).
    Removing gd32f3x0_timer.o(.text.timer_interrupt_disable), (10 bytes).
    Removing gd32f3x0_timer.o(.ARM.exidx.text.timer_interrupt_disable), (8 bytes).
    Removing gd32f3x0_timer.o(.text.timer_interrupt_flag_get), (20 bytes).
    Removing gd32f3x0_timer.o(.ARM.exidx.text.timer_interrupt_flag_get), (8 bytes).
    Removing gd32f3x0_timer.o(.text.timer_interrupt_flag_clear), (6 bytes).
    Removing gd32f3x0_timer.o(.ARM.exidx.text.timer_interrupt_flag_clear), (8 bytes).
    Removing gd32f3x0_timer.o(.text.timer_dma_enable), (8 bytes).
    Removing gd32f3x0_timer.o(.ARM.exidx.text.timer_dma_enable), (8 bytes).
    Removing gd32f3x0_timer.o(.text.timer_dma_disable), (10 bytes).
    Removing gd32f3x0_timer.o(.ARM.exidx.text.timer_dma_disable), (8 bytes).
    Removing gd32f3x0_timer.o(.text.timer_channel_dma_request_source_select), (24 bytes).
    Removing gd32f3x0_timer.o(.ARM.exidx.text.timer_channel_dma_request_source_select), (8 bytes).
    Removing gd32f3x0_timer.o(.text.timer_dma_transfer_config), (24 bytes).
    Removing gd32f3x0_timer.o(.ARM.exidx.text.timer_dma_transfer_config), (8 bytes).
    Removing gd32f3x0_timer.o(.text.timer_event_software_generate), (8 bytes).
    Removing gd32f3x0_timer.o(.ARM.exidx.text.timer_event_software_generate), (8 bytes).
    Removing gd32f3x0_timer.o(.text.timer_break_struct_para_init), (10 bytes).
    Removing gd32f3x0_timer.o(.ARM.exidx.text.timer_break_struct_para_init), (8 bytes).
    Removing gd32f3x0_timer.o(.text.timer_break_config), (38 bytes).
    Removing gd32f3x0_timer.o(.ARM.exidx.text.timer_break_config), (8 bytes).
    Removing gd32f3x0_timer.o(.text.timer_break_enable), (10 bytes).
    Removing gd32f3x0_timer.o(.ARM.exidx.text.timer_break_enable), (8 bytes).
    Removing gd32f3x0_timer.o(.text.timer_break_disable), (10 bytes).
    Removing gd32f3x0_timer.o(.ARM.exidx.text.timer_break_disable), (8 bytes).
    Removing gd32f3x0_timer.o(.text.timer_automatic_output_enable), (10 bytes).
    Removing gd32f3x0_timer.o(.ARM.exidx.text.timer_automatic_output_enable), (8 bytes).
    Removing gd32f3x0_timer.o(.text.timer_automatic_output_disable), (10 bytes).
    Removing gd32f3x0_timer.o(.ARM.exidx.text.timer_automatic_output_disable), (8 bytes).
    Removing gd32f3x0_timer.o(.text.timer_primary_output_config), (18 bytes).
    Removing gd32f3x0_timer.o(.ARM.exidx.text.timer_primary_output_config), (8 bytes).
    Removing gd32f3x0_timer.o(.text.timer_channel_control_shadow_config), (18 bytes).
    Removing gd32f3x0_timer.o(.ARM.exidx.text.timer_channel_control_shadow_config), (8 bytes).
    Removing gd32f3x0_timer.o(.text.timer_channel_control_shadow_update_config), (24 bytes).
    Removing gd32f3x0_timer.o(.ARM.exidx.text.timer_channel_control_shadow_update_config), (8 bytes).
    Removing gd32f3x0_timer.o(.text.timer_channel_output_struct_para_init), (12 bytes).
    Removing gd32f3x0_timer.o(.ARM.exidx.text.timer_channel_output_struct_para_init), (8 bytes).
    Removing gd32f3x0_timer.o(.text.timer_channel_output_config), (520 bytes).
    Removing gd32f3x0_timer.o(.ARM.exidx.text.timer_channel_output_config), (8 bytes).
    Removing gd32f3x0_timer.o(.text.timer_channel_output_mode_config), (56 bytes).
    Removing gd32f3x0_timer.o(.ARM.exidx.text.timer_channel_output_mode_config), (8 bytes).
    Removing gd32f3x0_timer.o(.text.timer_channel_output_pulse_value_config), (12 bytes).
    Removing gd32f3x0_timer.o(.ARM.exidx.text.timer_channel_output_pulse_value_config), (8 bytes).
    Removing gd32f3x0_timer.o(.text.timer_channel_output_shadow_config), (56 bytes).
    Removing gd32f3x0_timer.o(.ARM.exidx.text.timer_channel_output_shadow_config), (8 bytes).
    Removing gd32f3x0_timer.o(.text.timer_channel_output_fast_config), (56 bytes).
    Removing gd32f3x0_timer.o(.ARM.exidx.text.timer_channel_output_fast_config), (8 bytes).
    Removing gd32f3x0_timer.o(.text.timer_channel_output_clear_config), (56 bytes).
    Removing gd32f3x0_timer.o(.ARM.exidx.text.timer_channel_output_clear_config), (8 bytes).
    Removing gd32f3x0_timer.o(.text.timer_channel_output_polarity_config), (68 bytes).
    Removing gd32f3x0_timer.o(.ARM.exidx.text.timer_channel_output_polarity_config), (8 bytes).
    Removing gd32f3x0_timer.o(.text.timer_channel_complementary_output_polarity_config), (68 bytes).
    Removing gd32f3x0_timer.o(.ARM.exidx.text.timer_channel_complementary_output_polarity_config), (8 bytes).
    Removing gd32f3x0_timer.o(.text.timer_channel_output_state_config), (68 bytes).
    Removing gd32f3x0_timer.o(.ARM.exidx.text.timer_channel_output_state_config), (8 bytes).
    Removing gd32f3x0_timer.o(.text.timer_channel_complementary_output_state_config), (52 bytes).
    Removing gd32f3x0_timer.o(.ARM.exidx.text.timer_channel_complementary_output_state_config), (8 bytes).
    Removing gd32f3x0_timer.o(.text.timer_channel_input_struct_para_init), (12 bytes).
    Removing gd32f3x0_timer.o(.ARM.exidx.text.timer_channel_input_struct_para_init), (8 bytes).
    Removing gd32f3x0_timer.o(.text.timer_input_capture_config), (296 bytes).
    Removing gd32f3x0_timer.o(.ARM.exidx.text.timer_input_capture_config), (8 bytes).
    Removing gd32f3x0_timer.o(.text.timer_channel_input_capture_prescaler_config), (56 bytes).
    Removing gd32f3x0_timer.o(.ARM.exidx.text.timer_channel_input_capture_prescaler_config), (8 bytes).
    Removing gd32f3x0_timer.o(.text.timer_channel_capture_value_register_read), (14 bytes).
    Removing gd32f3x0_timer.o(.ARM.exidx.text.timer_channel_capture_value_register_read), (8 bytes).
    Removing gd32f3x0_timer.o(.text.timer_input_pwm_capture_config), (360 bytes).
    Removing gd32f3x0_timer.o(.ARM.exidx.text.timer_input_pwm_capture_config), (8 bytes).
    Removing gd32f3x0_timer.o(.text.timer_hall_mode_config), (24 bytes).
    Removing gd32f3x0_timer.o(.ARM.exidx.text.timer_hall_mode_config), (8 bytes).
    Removing gd32f3x0_timer.o(.text.timer_input_trigger_source_select), (16 bytes).
    Removing gd32f3x0_timer.o(.ARM.exidx.text.timer_input_trigger_source_select), (8 bytes).
    Removing gd32f3x0_timer.o(.text.timer_master_output_trigger_source_select), (16 bytes).
    Removing gd32f3x0_timer.o(.ARM.exidx.text.timer_master_output_trigger_source_select), (8 bytes).
    Removing gd32f3x0_timer.o(.text.timer_slave_mode_select), (16 bytes).
    Removing gd32f3x0_timer.o(.ARM.exidx.text.timer_slave_mode_select), (8 bytes).
    Removing gd32f3x0_timer.o(.text.timer_master_slave_mode_config), (24 bytes).
    Removing gd32f3x0_timer.o(.ARM.exidx.text.timer_master_slave_mode_config), (8 bytes).
    Removing gd32f3x0_timer.o(.text.timer_external_trigger_config), (30 bytes).
    Removing gd32f3x0_timer.o(.ARM.exidx.text.timer_external_trigger_config), (8 bytes).
    Removing gd32f3x0_timer.o(.text.timer_quadrature_decoder_mode_config), (78 bytes).
    Removing gd32f3x0_timer.o(.ARM.exidx.text.timer_quadrature_decoder_mode_config), (8 bytes).
    Removing gd32f3x0_timer.o(.text.timer_internal_clock_config), (10 bytes).
    Removing gd32f3x0_timer.o(.ARM.exidx.text.timer_internal_clock_config), (8 bytes).
    Removing gd32f3x0_timer.o(.text.timer_internal_trigger_as_external_clock_config), (32 bytes).
    Removing gd32f3x0_timer.o(.ARM.exidx.text.timer_internal_trigger_as_external_clock_config), (8 bytes).
    Removing gd32f3x0_timer.o(.text.timer_external_trigger_as_external_clock_config), (156 bytes).
    Removing gd32f3x0_timer.o(.ARM.exidx.text.timer_external_trigger_as_external_clock_config), (8 bytes).
    Removing gd32f3x0_timer.o(.text.timer_external_clock_mode0_config), (26 bytes).
    Removing gd32f3x0_timer.o(.ARM.exidx.text.timer_external_clock_mode0_config), (8 bytes).
    Removing gd32f3x0_timer.o(.text.timer_external_clock_mode1_config), (18 bytes).
    Removing gd32f3x0_timer.o(.ARM.exidx.text.timer_external_clock_mode1_config), (8 bytes).
    Removing gd32f3x0_timer.o(.text.timer_external_clock_mode1_disable), (10 bytes).
    Removing gd32f3x0_timer.o(.ARM.exidx.text.timer_external_clock_mode1_disable), (8 bytes).
    Removing gd32f3x0_timer.o(.text.timer_channel_remap_config), (4 bytes).
    Removing gd32f3x0_timer.o(.ARM.exidx.text.timer_channel_remap_config), (8 bytes).
    Removing gd32f3x0_timer.o(.text.timer_write_chxval_register_config), (32 bytes).
    Removing gd32f3x0_timer.o(.ARM.exidx.text.timer_write_chxval_register_config), (8 bytes).
    Removing gd32f3x0_timer.o(.text.timer_output_value_selection_config), (32 bytes).
    Removing gd32f3x0_timer.o(.ARM.exidx.text.timer_output_value_selection_config), (8 bytes).
    Removing gd32f3x0_tsi.o(.text), (0 bytes).
    Removing gd32f3x0_tsi.o(.text.tsi_deinit), (22 bytes).
    Removing gd32f3x0_tsi.o(.ARM.exidx.text.tsi_deinit), (8 bytes).
    Removing gd32f3x0_tsi.o(.text.tsi_init), (96 bytes).
    Removing gd32f3x0_tsi.o(.ARM.exidx.text.tsi_init), (8 bytes).
    Removing gd32f3x0_tsi.o(.text.tsi_enable), (16 bytes).
    Removing gd32f3x0_tsi.o(.ARM.exidx.text.tsi_enable), (8 bytes).
    Removing gd32f3x0_tsi.o(.text.tsi_disable), (16 bytes).
    Removing gd32f3x0_tsi.o(.ARM.exidx.text.tsi_disable), (8 bytes).
    Removing gd32f3x0_tsi.o(.text.tsi_sample_pin_enable), (24 bytes).
    Removing gd32f3x0_tsi.o(.ARM.exidx.text.tsi_sample_pin_enable), (8 bytes).
    Removing gd32f3x0_tsi.o(.text.tsi_sample_pin_disable), (24 bytes).
    Removing gd32f3x0_tsi.o(.ARM.exidx.text.tsi_sample_pin_disable), (8 bytes).
    Removing gd32f3x0_tsi.o(.text.tsi_channel_pin_enable), (16 bytes).
    Removing gd32f3x0_tsi.o(.ARM.exidx.text.tsi_channel_pin_enable), (8 bytes).
    Removing gd32f3x0_tsi.o(.text.tsi_channel_pin_disable), (16 bytes).
    Removing gd32f3x0_tsi.o(.ARM.exidx.text.tsi_channel_pin_disable), (8 bytes).
    Removing gd32f3x0_tsi.o(.text.tsi_software_mode_config), (24 bytes).
    Removing gd32f3x0_tsi.o(.ARM.exidx.text.tsi_software_mode_config), (8 bytes).
    Removing gd32f3x0_tsi.o(.text.tsi_software_start), (16 bytes).
    Removing gd32f3x0_tsi.o(.ARM.exidx.text.tsi_software_start), (8 bytes).
    Removing gd32f3x0_tsi.o(.text.tsi_software_stop), (16 bytes).
    Removing gd32f3x0_tsi.o(.ARM.exidx.text.tsi_software_stop), (8 bytes).
    Removing gd32f3x0_tsi.o(.text.tsi_hardware_mode_config), (44 bytes).
    Removing gd32f3x0_tsi.o(.ARM.exidx.text.tsi_hardware_mode_config), (8 bytes).
    Removing gd32f3x0_tsi.o(.text.tsi_pin_mode_config), (36 bytes).
    Removing gd32f3x0_tsi.o(.ARM.exidx.text.tsi_pin_mode_config), (8 bytes).
    Removing gd32f3x0_tsi.o(.text.tsi_extend_charge_config), (112 bytes).
    Removing gd32f3x0_tsi.o(.ARM.exidx.text.tsi_extend_charge_config), (8 bytes).
    Removing gd32f3x0_tsi.o(.text.tsi_pulse_config), (92 bytes).
    Removing gd32f3x0_tsi.o(.ARM.exidx.text.tsi_pulse_config), (8 bytes).
    Removing gd32f3x0_tsi.o(.text.tsi_max_number_config), (28 bytes).
    Removing gd32f3x0_tsi.o(.ARM.exidx.text.tsi_max_number_config), (8 bytes).
    Removing gd32f3x0_tsi.o(.text.tsi_hysteresis_on), (16 bytes).
    Removing gd32f3x0_tsi.o(.ARM.exidx.text.tsi_hysteresis_on), (8 bytes).
    Removing gd32f3x0_tsi.o(.text.tsi_hysteresis_off), (16 bytes).
    Removing gd32f3x0_tsi.o(.ARM.exidx.text.tsi_hysteresis_off), (8 bytes).
    Removing gd32f3x0_tsi.o(.text.tsi_analog_on), (16 bytes).
    Removing gd32f3x0_tsi.o(.ARM.exidx.text.tsi_analog_on), (8 bytes).
    Removing gd32f3x0_tsi.o(.text.tsi_analog_off), (16 bytes).
    Removing gd32f3x0_tsi.o(.ARM.exidx.text.tsi_analog_off), (8 bytes).
    Removing gd32f3x0_tsi.o(.text.tsi_group_enable), (16 bytes).
    Removing gd32f3x0_tsi.o(.ARM.exidx.text.tsi_group_enable), (8 bytes).
    Removing gd32f3x0_tsi.o(.text.tsi_group_disable), (16 bytes).
    Removing gd32f3x0_tsi.o(.ARM.exidx.text.tsi_group_disable), (8 bytes).
    Removing gd32f3x0_tsi.o(.text.tsi_group_status_get), (16 bytes).
    Removing gd32f3x0_tsi.o(.ARM.exidx.text.tsi_group_status_get), (8 bytes).
    Removing gd32f3x0_tsi.o(.text.tsi_group0_cycle_get), (12 bytes).
    Removing gd32f3x0_tsi.o(.ARM.exidx.text.tsi_group0_cycle_get), (8 bytes).
    Removing gd32f3x0_tsi.o(.text.tsi_group1_cycle_get), (12 bytes).
    Removing gd32f3x0_tsi.o(.ARM.exidx.text.tsi_group1_cycle_get), (8 bytes).
    Removing gd32f3x0_tsi.o(.text.tsi_group2_cycle_get), (12 bytes).
    Removing gd32f3x0_tsi.o(.ARM.exidx.text.tsi_group2_cycle_get), (8 bytes).
    Removing gd32f3x0_tsi.o(.text.tsi_group3_cycle_get), (12 bytes).
    Removing gd32f3x0_tsi.o(.ARM.exidx.text.tsi_group3_cycle_get), (8 bytes).
    Removing gd32f3x0_tsi.o(.text.tsi_group4_cycle_get), (12 bytes).
    Removing gd32f3x0_tsi.o(.ARM.exidx.text.tsi_group4_cycle_get), (8 bytes).
    Removing gd32f3x0_tsi.o(.text.tsi_group5_cycle_get), (12 bytes).
    Removing gd32f3x0_tsi.o(.ARM.exidx.text.tsi_group5_cycle_get), (8 bytes).
    Removing gd32f3x0_tsi.o(.text.tsi_flag_get), (16 bytes).
    Removing gd32f3x0_tsi.o(.ARM.exidx.text.tsi_flag_get), (8 bytes).
    Removing gd32f3x0_tsi.o(.text.tsi_flag_clear), (16 bytes).
    Removing gd32f3x0_tsi.o(.ARM.exidx.text.tsi_flag_clear), (8 bytes).
    Removing gd32f3x0_tsi.o(.text.tsi_interrupt_enable), (16 bytes).
    Removing gd32f3x0_tsi.o(.ARM.exidx.text.tsi_interrupt_enable), (8 bytes).
    Removing gd32f3x0_tsi.o(.text.tsi_interrupt_disable), (16 bytes).
    Removing gd32f3x0_tsi.o(.ARM.exidx.text.tsi_interrupt_disable), (8 bytes).
    Removing gd32f3x0_tsi.o(.text.tsi_interrupt_flag_get), (28 bytes).
    Removing gd32f3x0_tsi.o(.ARM.exidx.text.tsi_interrupt_flag_get), (8 bytes).
    Removing gd32f3x0_tsi.o(.text.tsi_interrupt_flag_clear), (16 bytes).
    Removing gd32f3x0_tsi.o(.ARM.exidx.text.tsi_interrupt_flag_clear), (8 bytes).
    Removing gd32f3x0_usart.o(.text), (0 bytes).
    Removing gd32f3x0_usart.o(.text.usart_deinit), (64 bytes).
    Removing gd32f3x0_usart.o(.ARM.exidx.text.usart_deinit), (8 bytes).
    Removing gd32f3x0_usart.o(.text.usart_baudrate_set), (88 bytes).
    Removing gd32f3x0_usart.o(.ARM.exidx.text.usart_baudrate_set), (8 bytes).
    Removing gd32f3x0_usart.o(.text.usart_parity_config), (24 bytes).
    Removing gd32f3x0_usart.o(.ARM.exidx.text.usart_parity_config), (8 bytes).
    Removing gd32f3x0_usart.o(.text.usart_word_length_set), (24 bytes).
    Removing gd32f3x0_usart.o(.ARM.exidx.text.usart_word_length_set), (8 bytes).
    Removing gd32f3x0_usart.o(.text.usart_stop_bit_set), (24 bytes).
    Removing gd32f3x0_usart.o(.ARM.exidx.text.usart_stop_bit_set), (8 bytes).
    Removing gd32f3x0_usart.o(.text.usart_enable), (10 bytes).
    Removing gd32f3x0_usart.o(.ARM.exidx.text.usart_enable), (8 bytes).
    Removing gd32f3x0_usart.o(.text.usart_disable), (10 bytes).
    Removing gd32f3x0_usart.o(.ARM.exidx.text.usart_disable), (8 bytes).
    Removing gd32f3x0_usart.o(.text.usart_transmit_config), (16 bytes).
    Removing gd32f3x0_usart.o(.ARM.exidx.text.usart_transmit_config), (8 bytes).
    Removing gd32f3x0_usart.o(.text.usart_receive_config), (16 bytes).
    Removing gd32f3x0_usart.o(.ARM.exidx.text.usart_receive_config), (8 bytes).
    Removing gd32f3x0_usart.o(.text.usart_data_first_config), (24 bytes).
    Removing gd32f3x0_usart.o(.ARM.exidx.text.usart_data_first_config), (8 bytes).
    Removing gd32f3x0_usart.o(.text.usart_invert_config), (92 bytes).
    Removing gd32f3x0_usart.o(.ARM.exidx.text.usart_invert_config), (8 bytes).
    Removing gd32f3x0_usart.o(.text.usart_overrun_enable), (18 bytes).
    Removing gd32f3x0_usart.o(.ARM.exidx.text.usart_overrun_enable), (8 bytes).
    Removing gd32f3x0_usart.o(.text.usart_overrun_disable), (18 bytes).
    Removing gd32f3x0_usart.o(.ARM.exidx.text.usart_overrun_disable), (8 bytes).
    Removing gd32f3x0_usart.o(.text.usart_oversample_config), (24 bytes).
    Removing gd32f3x0_usart.o(.ARM.exidx.text.usart_oversample_config), (8 bytes).
    Removing gd32f3x0_usart.o(.text.usart_sample_bit_config), (24 bytes).
    Removing gd32f3x0_usart.o(.ARM.exidx.text.usart_sample_bit_config), (8 bytes).
    Removing gd32f3x0_usart.o(.text.usart_receiver_timeout_enable), (10 bytes).
    Removing gd32f3x0_usart.o(.ARM.exidx.text.usart_receiver_timeout_enable), (8 bytes).
    Removing gd32f3x0_usart.o(.text.usart_receiver_timeout_disable), (10 bytes).
    Removing gd32f3x0_usart.o(.ARM.exidx.text.usart_receiver_timeout_disable), (8 bytes).
    Removing gd32f3x0_usart.o(.text.usart_receiver_timeout_threshold_config), (16 bytes).
    Removing gd32f3x0_usart.o(.ARM.exidx.text.usart_receiver_timeout_threshold_config), (8 bytes).
    Removing gd32f3x0_usart.o(.text.usart_data_transmit), (8 bytes).
    Removing gd32f3x0_usart.o(.ARM.exidx.text.usart_data_transmit), (8 bytes).
    Removing gd32f3x0_usart.o(.text.usart_data_receive), (8 bytes).
    Removing gd32f3x0_usart.o(.ARM.exidx.text.usart_data_receive), (8 bytes).
    Removing gd32f3x0_usart.o(.text.usart_command_enable), (8 bytes).
    Removing gd32f3x0_usart.o(.ARM.exidx.text.usart_command_enable), (8 bytes).
    Removing gd32f3x0_usart.o(.text.usart_address_config), (26 bytes).
    Removing gd32f3x0_usart.o(.ARM.exidx.text.usart_address_config), (8 bytes).
    Removing gd32f3x0_usart.o(.text.usart_address_detection_mode_config), (28 bytes).
    Removing gd32f3x0_usart.o(.ARM.exidx.text.usart_address_detection_mode_config), (8 bytes).
    Removing gd32f3x0_usart.o(.text.usart_mute_mode_enable), (10 bytes).
    Removing gd32f3x0_usart.o(.ARM.exidx.text.usart_mute_mode_enable), (8 bytes).
    Removing gd32f3x0_usart.o(.text.usart_mute_mode_disable), (10 bytes).
    Removing gd32f3x0_usart.o(.ARM.exidx.text.usart_mute_mode_disable), (8 bytes).
    Removing gd32f3x0_usart.o(.text.usart_mute_mode_wakeup_config), (24 bytes).
    Removing gd32f3x0_usart.o(.ARM.exidx.text.usart_mute_mode_wakeup_config), (8 bytes).
    Removing gd32f3x0_usart.o(.text.usart_lin_mode_enable), (18 bytes).
    Removing gd32f3x0_usart.o(.ARM.exidx.text.usart_lin_mode_enable), (8 bytes).
    Removing gd32f3x0_usart.o(.text.usart_lin_mode_disable), (18 bytes).
    Removing gd32f3x0_usart.o(.ARM.exidx.text.usart_lin_mode_disable), (8 bytes).
    Removing gd32f3x0_usart.o(.text.usart_lin_break_detection_length_config), (28 bytes).
    Removing gd32f3x0_usart.o(.ARM.exidx.text.usart_lin_break_detection_length_config), (8 bytes).
    Removing gd32f3x0_usart.o(.text.usart_halfduplex_enable), (18 bytes).
    Removing gd32f3x0_usart.o(.ARM.exidx.text.usart_halfduplex_enable), (8 bytes).
    Removing gd32f3x0_usart.o(.text.usart_halfduplex_disable), (18 bytes).
    Removing gd32f3x0_usart.o(.ARM.exidx.text.usart_halfduplex_disable), (8 bytes).
    Removing gd32f3x0_usart.o(.text.usart_clock_enable), (18 bytes).
    Removing gd32f3x0_usart.o(.ARM.exidx.text.usart_clock_enable), (8 bytes).
    Removing gd32f3x0_usart.o(.text.usart_clock_disable), (18 bytes).
    Removing gd32f3x0_usart.o(.ARM.exidx.text.usart_clock_disable), (8 bytes).
    Removing gd32f3x0_usart.o(.text.usart_synchronous_clock_config), (60 bytes).
    Removing gd32f3x0_usart.o(.ARM.exidx.text.usart_synchronous_clock_config), (8 bytes).
    Removing gd32f3x0_usart.o(.text.usart_guard_time_config), (28 bytes).
    Removing gd32f3x0_usart.o(.ARM.exidx.text.usart_guard_time_config), (8 bytes).
    Removing gd32f3x0_usart.o(.text.usart_smartcard_mode_enable), (18 bytes).
    Removing gd32f3x0_usart.o(.ARM.exidx.text.usart_smartcard_mode_enable), (8 bytes).
    Removing gd32f3x0_usart.o(.text.usart_smartcard_mode_disable), (18 bytes).
    Removing gd32f3x0_usart.o(.ARM.exidx.text.usart_smartcard_mode_disable), (8 bytes).
    Removing gd32f3x0_usart.o(.text.usart_smartcard_mode_nack_enable), (18 bytes).
    Removing gd32f3x0_usart.o(.ARM.exidx.text.usart_smartcard_mode_nack_enable), (8 bytes).
    Removing gd32f3x0_usart.o(.text.usart_smartcard_mode_nack_disable), (18 bytes).
    Removing gd32f3x0_usart.o(.ARM.exidx.text.usart_smartcard_mode_nack_disable), (8 bytes).
    Removing gd32f3x0_usart.o(.text.usart_smartcard_mode_early_nack_enable), (14 bytes).
    Removing gd32f3x0_usart.o(.ARM.exidx.text.usart_smartcard_mode_early_nack_enable), (8 bytes).
    Removing gd32f3x0_usart.o(.text.usart_smartcard_mode_early_nack_disable), (14 bytes).
    Removing gd32f3x0_usart.o(.ARM.exidx.text.usart_smartcard_mode_early_nack_disable), (8 bytes).
    Removing gd32f3x0_usart.o(.text.usart_smartcard_autoretry_config), (32 bytes).
    Removing gd32f3x0_usart.o(.ARM.exidx.text.usart_smartcard_autoretry_config), (8 bytes).
    Removing gd32f3x0_usart.o(.text.usart_block_length_config), (18 bytes).
    Removing gd32f3x0_usart.o(.ARM.exidx.text.usart_block_length_config), (8 bytes).
    Removing gd32f3x0_usart.o(.text.usart_irda_mode_enable), (18 bytes).
    Removing gd32f3x0_usart.o(.ARM.exidx.text.usart_irda_mode_enable), (8 bytes).
    Removing gd32f3x0_usart.o(.text.usart_irda_mode_disable), (18 bytes).
    Removing gd32f3x0_usart.o(.ARM.exidx.text.usart_irda_mode_disable), (8 bytes).
    Removing gd32f3x0_usart.o(.text.usart_prescaler_config), (24 bytes).
    Removing gd32f3x0_usart.o(.ARM.exidx.text.usart_prescaler_config), (8 bytes).
    Removing gd32f3x0_usart.o(.text.usart_irda_lowpower_config), (28 bytes).
    Removing gd32f3x0_usart.o(.ARM.exidx.text.usart_irda_lowpower_config), (8 bytes).
    Removing gd32f3x0_usart.o(.text.usart_hardware_flow_rts_config), (24 bytes).
    Removing gd32f3x0_usart.o(.ARM.exidx.text.usart_hardware_flow_rts_config), (8 bytes).
    Removing gd32f3x0_usart.o(.text.usart_hardware_flow_cts_config), (24 bytes).
    Removing gd32f3x0_usart.o(.ARM.exidx.text.usart_hardware_flow_cts_config), (8 bytes).
    Removing gd32f3x0_usart.o(.text.usart_rs485_driver_enable), (18 bytes).
    Removing gd32f3x0_usart.o(.ARM.exidx.text.usart_rs485_driver_enable), (8 bytes).
    Removing gd32f3x0_usart.o(.text.usart_rs485_driver_disable), (18 bytes).
    Removing gd32f3x0_usart.o(.ARM.exidx.text.usart_rs485_driver_disable), (8 bytes).
    Removing gd32f3x0_usart.o(.text.usart_driver_assertime_config), (32 bytes).
    Removing gd32f3x0_usart.o(.ARM.exidx.text.usart_driver_assertime_config), (8 bytes).
    Removing gd32f3x0_usart.o(.text.usart_driver_deassertime_config), (32 bytes).
    Removing gd32f3x0_usart.o(.ARM.exidx.text.usart_driver_deassertime_config), (8 bytes).
    Removing gd32f3x0_usart.o(.text.usart_depolarity_config), (28 bytes).
    Removing gd32f3x0_usart.o(.ARM.exidx.text.usart_depolarity_config), (8 bytes).
    Removing gd32f3x0_usart.o(.text.usart_dma_receive_config), (20 bytes).
    Removing gd32f3x0_usart.o(.ARM.exidx.text.usart_dma_receive_config), (8 bytes).
    Removing gd32f3x0_usart.o(.text.usart_dma_transmit_config), (20 bytes).
    Removing gd32f3x0_usart.o(.ARM.exidx.text.usart_dma_transmit_config), (8 bytes).
    Removing gd32f3x0_usart.o(.text.usart_reception_error_dma_enable), (18 bytes).
    Removing gd32f3x0_usart.o(.ARM.exidx.text.usart_reception_error_dma_enable), (8 bytes).
    Removing gd32f3x0_usart.o(.text.usart_reception_error_dma_disable), (18 bytes).
    Removing gd32f3x0_usart.o(.ARM.exidx.text.usart_reception_error_dma_disable), (8 bytes).
    Removing gd32f3x0_usart.o(.text.usart_wakeup_enable), (10 bytes).
    Removing gd32f3x0_usart.o(.ARM.exidx.text.usart_wakeup_enable), (8 bytes).
    Removing gd32f3x0_usart.o(.text.usart_wakeup_disable), (10 bytes).
    Removing gd32f3x0_usart.o(.ARM.exidx.text.usart_wakeup_disable), (8 bytes).
    Removing gd32f3x0_usart.o(.text.usart_wakeup_mode_config), (28 bytes).
    Removing gd32f3x0_usart.o(.ARM.exidx.text.usart_wakeup_mode_config), (8 bytes).
    Removing gd32f3x0_usart.o(.text.usart_receive_fifo_enable), (14 bytes).
    Removing gd32f3x0_usart.o(.ARM.exidx.text.usart_receive_fifo_enable), (8 bytes).
    Removing gd32f3x0_usart.o(.text.usart_receive_fifo_disable), (14 bytes).
    Removing gd32f3x0_usart.o(.ARM.exidx.text.usart_receive_fifo_disable), (8 bytes).
    Removing gd32f3x0_usart.o(.text.usart_receive_fifo_counter_number), (10 bytes).
    Removing gd32f3x0_usart.o(.ARM.exidx.text.usart_receive_fifo_counter_number), (8 bytes).
    Removing gd32f3x0_usart.o(.text.usart_flag_get), (22 bytes).
    Removing gd32f3x0_usart.o(.ARM.exidx.text.usart_flag_get), (8 bytes).
    Removing gd32f3x0_usart.o(.text.usart_flag_clear), (18 bytes).
    Removing gd32f3x0_usart.o(.ARM.exidx.text.usart_flag_clear), (8 bytes).
    Removing gd32f3x0_usart.o(.text.usart_interrupt_enable), (24 bytes).
    Removing gd32f3x0_usart.o(.ARM.exidx.text.usart_interrupt_enable), (8 bytes).
    Removing gd32f3x0_usart.o(.text.usart_interrupt_disable), (24 bytes).
    Removing gd32f3x0_usart.o(.ARM.exidx.text.usart_interrupt_disable), (8 bytes).
    Removing gd32f3x0_usart.o(.text.usart_interrupt_flag_get), (48 bytes).
    Removing gd32f3x0_usart.o(.ARM.exidx.text.usart_interrupt_flag_get), (8 bytes).
    Removing gd32f3x0_usart.o(.text.usart_interrupt_flag_clear), (44 bytes).
    Removing gd32f3x0_usart.o(.ARM.exidx.text.usart_interrupt_flag_clear), (8 bytes).
    Removing gd32f3x0_wwdgt.o(.text), (0 bytes).
    Removing gd32f3x0_wwdgt.o(.text.wwdgt_deinit), (22 bytes).
    Removing gd32f3x0_wwdgt.o(.ARM.exidx.text.wwdgt_deinit), (8 bytes).
    Removing gd32f3x0_wwdgt.o(.text.wwdgt_enable), (16 bytes).
    Removing gd32f3x0_wwdgt.o(.ARM.exidx.text.wwdgt_enable), (8 bytes).
    Removing gd32f3x0_wwdgt.o(.text.wwdgt_counter_update), (16 bytes).
    Removing gd32f3x0_wwdgt.o(.ARM.exidx.text.wwdgt_counter_update), (8 bytes).
    Removing gd32f3x0_wwdgt.o(.text.wwdgt_config), (24 bytes).
    Removing gd32f3x0_wwdgt.o(.ARM.exidx.text.wwdgt_config), (8 bytes).
    Removing gd32f3x0_wwdgt.o(.text.wwdgt_flag_get), (16 bytes).
    Removing gd32f3x0_wwdgt.o(.ARM.exidx.text.wwdgt_flag_get), (8 bytes).
    Removing gd32f3x0_wwdgt.o(.text.wwdgt_flag_clear), (12 bytes).
    Removing gd32f3x0_wwdgt.o(.ARM.exidx.text.wwdgt_flag_clear), (8 bytes).
    Removing gd32f3x0_wwdgt.o(.text.wwdgt_interrupt_enable), (16 bytes).
    Removing gd32f3x0_wwdgt.o(.ARM.exidx.text.wwdgt_interrupt_enable), (8 bytes).
    Removing gd32f3x0_it.o(.text), (0 bytes).
    Removing gd32f3x0_it.o(.text.NMI_Handler), (2 bytes).
    Removing gd32f3x0_it.o(.ARM.exidx.text.NMI_Handler), (8 bytes).
    Removing gd32f3x0_it.o(.text.HardFault_Handler), (2 bytes).
    Removing gd32f3x0_it.o(.ARM.exidx.text.HardFault_Handler), (8 bytes).
    Removing gd32f3x0_it.o(.text.MemManage_Handler), (2 bytes).
    Removing gd32f3x0_it.o(.ARM.exidx.text.MemManage_Handler), (8 bytes).
    Removing gd32f3x0_it.o(.text.BusFault_Handler), (2 bytes).
    Removing gd32f3x0_it.o(.ARM.exidx.text.BusFault_Handler), (8 bytes).
    Removing gd32f3x0_it.o(.text.UsageFault_Handler), (2 bytes).
    Removing gd32f3x0_it.o(.ARM.exidx.text.UsageFault_Handler), (8 bytes).
    Removing gd32f3x0_it.o(.text.SVC_Handler), (2 bytes).
    Removing gd32f3x0_it.o(.ARM.exidx.text.SVC_Handler), (8 bytes).
    Removing gd32f3x0_it.o(.text.DebugMon_Handler), (2 bytes).
    Removing gd32f3x0_it.o(.ARM.exidx.text.DebugMon_Handler), (8 bytes).
    Removing gd32f3x0_it.o(.text.PendSV_Handler), (2 bytes).
    Removing gd32f3x0_it.o(.ARM.exidx.text.PendSV_Handler), (8 bytes).
    Removing gd32f3x0_it.o(.text.SysTick_Handler), (2 bytes).
    Removing gd32f3x0_it.o(.ARM.exidx.text.SysTick_Handler), (8 bytes).
    Removing main.o(.text), (0 bytes).
    Removing main.o(.ARM.exidx.text.main), (8 bytes).
    Removing main.o(.ARM.use_no_argv), (4 bytes).
    Removing systick.o(.text), (0 bytes).
    Removing systick.o(.ARM.exidx.text.systick_config), (8 bytes).
    Removing systick.o(.text.delay_1ms), (16 bytes).
    Removing systick.o(.ARM.exidx.text.delay_1ms), (8 bytes).
    Removing systick.o(.text.delay_decrement), (20 bytes).
    Removing systick.o(.ARM.exidx.text.delay_decrement), (8 bytes).
    Removing systick.o(.bss.delay), (4 bytes).
    Removing fonts.o(.text), (0 bytes).
    Removing fonts.o(.data.ter_u12b), (1026 bytes).
    Removing fonts.o(.data.ter_u12n), (1026 bytes).
    Removing fonts.o(.data.ter_u14b), (1194 bytes).
    Removing fonts.o(.data.ter_u14n), (1194 bytes).
    Removing fonts.o(.data.ter_u14v), (1194 bytes).
    Removing fonts.o(.data.ter_u16b), (1362 bytes).
    Removing fonts.o(.data.ter_u16n), (1362 bytes).
    Removing fonts.o(.data.ter_u16v), (1362 bytes).
    Removing fonts.o(.data.ter_u18b), (3042 bytes).
    Removing fonts.o(.data.ter_u18n), (3042 bytes).
    Removing fonts.o(.data.ter_u20b), (3378 bytes).
    Removing fonts.o(.data.ter_u20n), (3378 bytes).
    Removing fonts.o(.data.ter_u22b), (3714 bytes).
    Removing fonts.o(.data.ter_u22n), (3714 bytes).
    Removing fonts.o(.data.ter_u24b), (4050 bytes).
    Removing fonts.o(.data.ter_u24n), (4050 bytes).
    Removing fonts.o(.data.ter_u28b), (4722 bytes).
    Removing fonts.o(.data.ter_u28n), (4722 bytes).
    Removing fonts.o(.data.ter_u32b), (5394 bytes).
    Removing fonts.o(.data.ter_u32n), (5394 bytes).
    Removing gfx.o(.text), (0 bytes).
    Removing gfx.o(.text.setTransparent), (12 bytes).
    Removing gfx.o(.ARM.exidx.text.setTransparent), (8 bytes).
    Removing gfx.o(.text.setPixel), (4 bytes).
    Removing gfx.o(.ARM.exidx.text.setPixel), (8 bytes).
    Removing gfx.o(.text.setbgPixel), (4 bytes).
    Removing gfx.o(.ARM.exidx.text.setbgPixel), (8 bytes).
    Removing gfx.o(.text.flushBuffer), (4 bytes).
    Removing gfx.o(.ARM.exidx.text.flushBuffer), (8 bytes).
    Removing gfx.o(.text._LineLow), (86 bytes).
    Removing gfx.o(.ARM.exidx.text._LineLow), (8 bytes).
    Removing gfx.o(.text._LineHigh), (86 bytes).
    Removing gfx.o(.ARM.exidx.text._LineHigh), (8 bytes).
    Removing gfx.o(.text.drawLine), (100 bytes).
    Removing gfx.o(.ARM.exidx.text.drawLine), (8 bytes).
    Removing gfx.o(.text.plot8CirclePoints), (120 bytes).
    Removing gfx.o(.ARM.exidx.text.plot8CirclePoints), (8 bytes).
    Removing gfx.o(.text.drawCircle), (74 bytes).
    Removing gfx.o(.ARM.exidx.text.drawCircle), (8 bytes).
    Removing gfx.o(.text.filledCircle), (188 bytes).
    Removing gfx.o(.ARM.exidx.text.filledCircle), (8 bytes).
    Removing gfx.o(.text.Atan2), (212 bytes).
    Removing gfx.o(.ARM.exidx.text.Atan2), (8 bytes).
    Removing gfx.o(.text.CheckAngle), (160 bytes).
    Removing gfx.o(.ARM.exidx.text.CheckAngle), (8 bytes).
    Removing gfx.o(.text.plot8ArcPoints), (120 bytes).
    Removing gfx.o(.ARM.exidx.text.plot8ArcPoints), (8 bytes).
    Removing gfx.o(.text.drawArc), (96 bytes).
    Removing gfx.o(.ARM.exidx.text.drawArc), (8 bytes).
    Removing gfx.o(.text.drawPie), (24 bytes).
    Removing gfx.o(.ARM.exidx.text.drawPie), (8 bytes).
    Removing gfx.o(.text.drawRect), (60 bytes).
    Removing gfx.o(.ARM.exidx.text.drawRect), (8 bytes).
    Removing gfx.o(.text.filledRect), (162 bytes).
    Removing gfx.o(.ARM.exidx.text.filledRect), (8 bytes).
    Removing gfx.o(.text.fillScreen), (36 bytes).
    Removing gfx.o(.ARM.exidx.text.fillScreen), (8 bytes).
    Removing gfx.o(.text.setFont), (48 bytes).
    Removing gfx.o(.ARM.exidx.text.setFont), (8 bytes).
    Removing gfx.o(.text._lookupGlyph), (108 bytes).
    Removing gfx.o(.ARM.exidx.text._lookupGlyph), (8 bytes).
    Removing gfx.o(.text.drawGlyph), (144 bytes).
    Removing gfx.o(.ARM.exidx.text.drawGlyph), (8 bytes).
    Removing gfx.o(.text.drawText), (44 bytes).
    Removing gfx.o(.ARM.exidx.text.drawText), (8 bytes).
    Removing gfx.o(.text.setColorC), (16 bytes).
    Removing gfx.o(.ARM.exidx.text.setColorC), (8 bytes).
    Removing gfx.o(.text.setbgColorC), (16 bytes).
    Removing gfx.o(.ARM.exidx.text.setbgColorC), (8 bytes).
    Removing gfx.o(.text.setColor), (36 bytes).
    Removing gfx.o(.ARM.exidx.text.setColor), (8 bytes).
    Removing gfx.o(.text.setbgColor), (36 bytes).
    Removing gfx.o(.ARM.exidx.text.setbgColor), (8 bytes).
    Removing gfx.o(.text.setColor24), (40 bytes).
    Removing gfx.o(.ARM.exidx.text.setColor24), (8 bytes).
    Removing gfx.o(.text.setbgColor24), (40 bytes).
    Removing gfx.o(.ARM.exidx.text.setbgColor24), (8 bytes).
    Removing gfx.o(.bss..L_MergedGlobals), (24 bytes).
    Removing st7735s.o(.text), (0 bytes).
    Removing st7735s.o(.text.initCommands), (36 bytes).
    Removing st7735s.o(.ARM.exidx.text.initCommands), (8 bytes).
    Removing st7735s.o(.text.ST7735S_sleepIn), (40 bytes).
    Removing st7735s.o(.ARM.exidx.text.ST7735S_sleepIn), (8 bytes).
    Removing st7735s.o(.text.ST7735S_sleepOut), (36 bytes).
    Removing st7735s.o(.ARM.exidx.text.ST7735S_sleepOut), (8 bytes).
    Removing st7735s.o(.text.setOrientation), (124 bytes).
    Removing st7735s.o(.ARM.exidx.text.setOrientation), (8 bytes).
    Removing st7735s.o(.text.resetWindow), (32 bytes).
    Removing st7735s.o(.ARM.exidx.text.resetWindow), (8 bytes).
    Removing st7735s.o(.text.updateWindow), (52 bytes).
    Removing st7735s.o(.ARM.exidx.text.updateWindow), (8 bytes).
    Removing st7735s.o(.text.ST7735S_Init), (60 bytes).
    Removing st7735s.o(.ARM.exidx.text.ST7735S_Init), (8 bytes).
    Removing st7735s.o(.text.Delay), (4 bytes).
    Removing st7735s.o(.ARM.exidx.text.Delay), (8 bytes).
    Removing st7735s.o(.text.ST7735S_flush), (184 bytes).
    Removing st7735s.o(.ARM.exidx.text.ST7735S_flush), (8 bytes).
    Removing st7735s.o(.text.set_hvpixel), (224 bytes).
    Removing st7735s.o(.ARM.exidx.text.set_hvpixel), (8 bytes).
    Removing st7735s.o(.text.ST7735S_Pixel), (24 bytes).
    Removing st7735s.o(.ARM.exidx.text.ST7735S_Pixel), (8 bytes).
    Removing st7735s.o(.text.ST7735S_bgPixel), (36 bytes).
    Removing st7735s.o(.ARM.exidx.text.ST7735S_bgPixel), (8 bytes).
    Removing st7735s.o(.text.ST7735S_defineScrollArea), (120 bytes).
    Removing st7735s.o(.ARM.exidx.text.ST7735S_defineScrollArea), (8 bytes).
    Removing st7735s.o(.text.ST7735S_tearingOn), (28 bytes).
    Removing st7735s.o(.ARM.exidx.text.ST7735S_tearingOn), (8 bytes).
    Removing st7735s.o(.text.ST7735S_tearingOff), (20 bytes).
    Removing st7735s.o(.ARM.exidx.text.ST7735S_tearingOff), (8 bytes).
    Removing st7735s.o(.text.ST7735S_scroll), (30 bytes).
    Removing st7735s.o(.ARM.exidx.text.ST7735S_scroll), (8 bytes).
    Removing st7735s.o(.text.ST7735S_normalMode), (48 bytes).
    Removing st7735s.o(.ARM.exidx.text.ST7735S_normalMode), (8 bytes).
    Removing st7735s.o(.text.ST7735S_partialArea), (112 bytes).
    Removing st7735s.o(.ARM.exidx.text.ST7735S_partialArea), (8 bytes).
    Removing st7735s.o(.text.Backlight_Pct), (14 bytes).
    Removing st7735s.o(.ARM.exidx.text.Backlight_Pct), (8 bytes).
    Removing st7735s.o(.bss.hvframe), (320 bytes).
    Removing st7735s.o(.data.init_cmd), (124 bytes).
    Removing st7735s.o(.bss.backlight_pct), (1 bytes).
    Removing st7735s.o(.data..L_MergedGlobals), (24 bytes).
    Removing st7735s_compat.o(.text), (0 bytes).
    Removing st7735s_compat.o(.text.cs_low), (12 bytes).
    Removing st7735s_compat.o(.ARM.exidx.text.cs_low), (8 bytes).
    Removing st7735s_compat.o(.text.cs_high), (12 bytes).
    Removing st7735s_compat.o(.ARM.exidx.text.cs_high), (8 bytes).
    Removing st7735s_compat.o(.text.Pin_RES_High), (16 bytes).
    Removing st7735s_compat.o(.ARM.exidx.text.Pin_RES_High), (8 bytes).
    Removing st7735s_compat.o(.text.Pin_RES_Low), (16 bytes).
    Removing st7735s_compat.o(.ARM.exidx.text.Pin_RES_Low), (8 bytes).
    Removing st7735s_compat.o(.text.Pin_DC_High), (16 bytes).
    Removing st7735s_compat.o(.ARM.exidx.text.Pin_DC_High), (8 bytes).
    Removing st7735s_compat.o(.text.Pin_DC_Low), (16 bytes).
    Removing st7735s_compat.o(.ARM.exidx.text.Pin_DC_Low), (8 bytes).
    Removing st7735s_compat.o(.text.Pin_BLK_Pct), (12 bytes).
    Removing st7735s_compat.o(.ARM.exidx.text.Pin_BLK_Pct), (8 bytes).
    Removing st7735s_compat.o(.text.SPI_send), (40 bytes).
    Removing st7735s_compat.o(.ARM.exidx.text.SPI_send), (8 bytes).
    Removing st7735s_compat.o(.text.SPI_TransmitCmd), (22 bytes).
    Removing st7735s_compat.o(.ARM.exidx.text.SPI_TransmitCmd), (8 bytes).
    Removing st7735s_compat.o(.text.SPI_TransmitData), (22 bytes).
    Removing st7735s_compat.o(.ARM.exidx.text.SPI_TransmitData), (8 bytes).
    Removing st7735s_compat.o(.text.SPI_Transmit), (36 bytes).
    Removing st7735s_compat.o(.ARM.exidx.text.SPI_Transmit), (8 bytes).
    Removing st7735s_compat.o(.text._Delay), (4 bytes).
    Removing st7735s_compat.o(.ARM.exidx.text._Delay), (8 bytes).
    Removing st7735s_compat.o(.data.tim_period), (4 bytes).
    Removing st7735s_compat.o(.bss.tim_pulse), (4 bytes).
    Removing gpio.o(.text), (0 bytes).
    Removing gpio.o(.ARM.exidx.text.gpio_config), (8 bytes).
    Removing spi.o(.text), (0 bytes).
    Removing spi.o(.text.spi_config), (84 bytes).
    Removing spi.o(.ARM.exidx.text.spi_config), (8 bytes).

1398 unused section(s) (total 87181 bytes) removed from the image.

==============================================================================

Image Symbol Table

    Local Symbols

    Symbol Name                              Value     Ov Type        Size  Object(Section)

    ../clib/angel/boardlib.s                 0x00000000   Number         0  boardinit2.o ABSOLUTE
    ../clib/angel/boardlib.s                 0x00000000   Number         0  boardshut.o ABSOLUTE
    ../clib/angel/boardlib.s                 0x00000000   Number         0  boardinit1.o ABSOLUTE
    ../clib/angel/boardlib.s                 0x00000000   Number         0  boardinit3.o ABSOLUTE
    ../clib/angel/handlers.s                 0x00000000   Number         0  __scatter_zi.o ABSOLUTE
    ../clib/angel/kernel.s                   0x00000000   Number         0  __rtentry4.o ABSOLUTE
    ../clib/angel/kernel.s                   0x00000000   Number         0  __rtentry2.o ABSOLUTE
    ../clib/angel/kernel.s                   0x00000000   Number         0  rtexit.o ABSOLUTE
    ../clib/angel/kernel.s                   0x00000000   Number         0  __rtentry.o ABSOLUTE
    ../clib/angel/kernel.s                   0x00000000   Number         0  rtexit2.o ABSOLUTE
    ../clib/angel/rt.s                       0x00000000   Number         0  rt_raise.o ABSOLUTE
    ../clib/angel/scatter.s                  0x00000000   Number         0  __scatter.o ABSOLUTE
    ../clib/angel/startup.s                  0x00000000   Number         0  __main.o ABSOLUTE
    ../clib/angel/sys.s                      0x00000000   Number         0  sys_stackheap_outer.o ABSOLUTE
    ../clib/angel/sys.s                      0x00000000   Number         0  indicate_semi.o ABSOLUTE
    ../clib/angel/sys.s                      0x00000000   Number         0  use_no_semi.o ABSOLUTE
    ../clib/angel/sys.s                      0x00000000   Number         0  libspace.o ABSOLUTE
    ../clib/angel/sysapp.c                   0x00000000   Number         0  sys_command_hlt.o ABSOLUTE
    ../clib/angel/sysapp.c                   0x00000000   Number         0  sys_wrch_hlt.o ABSOLUTE
    ../clib/angel/sysapp.c                   0x00000000   Number         0  sys_wrch.o ABSOLUTE
    ../clib/angel/sysapp.c                   0x00000000   Number         0  sys_exit.o ABSOLUTE
    ../clib/angel/sysapp.c                   0x00000000   Number         0  sys_command.o ABSOLUTE
    ../clib/angel/sysapp.c                   0x00000000   Number         0  sys_exit_hlt.o ABSOLUTE
    ../clib/armsys.c                         0x00000000   Number         0  argv_veneer.o ABSOLUTE
    ../clib/armsys.c                         0x00000000   Number         0  argv_veneer.o ABSOLUTE
    ../clib/armsys.c                         0x00000000   Number         0  no_argv.o ABSOLUTE
    ../clib/armsys.c                         0x00000000   Number         0  _get_argv_nomalloc.o ABSOLUTE
    ../clib/heapalloc.c                      0x00000000   Number         0  hrguard.o ABSOLUTE
    ../clib/heapaux.c                        0x00000000   Number         0  heapauxi.o ABSOLUTE
    ../clib/libinit.s                        0x00000000   Number         0  libinit.o ABSOLUTE
    ../clib/libinit.s                        0x00000000   Number         0  libshutdown2.o ABSOLUTE
    ../clib/libinit.s                        0x00000000   Number         0  libinit2.o ABSOLUTE
    ../clib/libinit.s                        0x00000000   Number         0  libshutdown.o ABSOLUTE
    ../clib/memcpset.s                       0x00000000   Number         0  rt_memclr_w.o ABSOLUTE
    ../clib/signal.c                         0x00000000   Number         0  defsig_general.o ABSOLUTE
    ../clib/signal.c                         0x00000000   Number         0  __raise.o ABSOLUTE
    ../clib/signal.c                         0x00000000   Number         0  defsig_rtmem_inner.o ABSOLUTE
    ../clib/signal.c                         0x00000000   Number         0  defsig_exit.o ABSOLUTE
    ../clib/signal.c                         0x00000000   Number         0  defsig_rtmem_formal.o ABSOLUTE
    ../clib/signal.c                         0x00000000   Number         0  defsig_other.o ABSOLUTE
    ../clib/signal.c                         0x00000000   Number         0  defsig_segv_inner.o ABSOLUTE
    ../clib/signal.c                         0x00000000   Number         0  defsig_cppl_inner.o ABSOLUTE
    ../clib/signal.c                         0x00000000   Number         0  defsig_pvfn_inner.o ABSOLUTE
    ../clib/signal.c                         0x00000000   Number         0  defsig_stak_inner.o ABSOLUTE
    ../clib/signal.c                         0x00000000   Number         0  defsig_rtred_inner.o ABSOLUTE
    ../clib/signal.c                         0x00000000   Number         0  defsig_fpe_inner.o ABSOLUTE
    ../clib/signal.c                         0x00000000   Number         0  defsig_abrt_inner.o ABSOLUTE
    ../clib/signal.c                         0x00000000   Number         0  defsig_rtmem_outer.o ABSOLUTE
    ../clib/signal.s                         0x00000000   Number         0  defsig.o ABSOLUTE
    ../clib/stdlib.c                         0x00000000   Number         0  exit.o ABSOLUTE
    ../fplib/d2f.s                           0x00000000   Number         0  d2f.o ABSOLUTE
    ../fplib/daddsub.s                       0x00000000   Number         0  daddsub_clz.o ABSOLUTE
    ../fplib/ddiv.s                          0x00000000   Number         0  ddiv.o ABSOLUTE
    ../fplib/dflt.s                          0x00000000   Number         0  dflt_clz.o ABSOLUTE
    ../fplib/dmul.s                          0x00000000   Number         0  dmul.o ABSOLUTE
    ../fplib/dnaninf.s                       0x00000000   Number         0  dnaninf.o ABSOLUTE
    ../fplib/dretinf.s                       0x00000000   Number         0  dretinf.o ABSOLUTE
    ../fplib/f2d.s                           0x00000000   Number         0  f2d.o ABSOLUTE
    ../fplib/fnaninf.s                       0x00000000   Number         0  fnaninf.o ABSOLUTE
    ../fplib/fpinit.s                        0x00000000   Number         0  fpinit.o ABSOLUTE
    ../fplib/fretinf.s                       0x00000000   Number         0  fretinf.o ABSOLUTE
    ../fplib/usenofp.s                       0x00000000   Number         0  usenofp.o ABSOLUTE
    D:\1-MyFiles\2-Dev\3-A36Plus\Drivers\LCD\fonts.c 0x00000000   Number         0  fonts.o ABSOLUTE
    D:\1-MyFiles\2-Dev\3-A36Plus\Drivers\LCD\gfx.c 0x00000000   Number         0  gfx.o ABSOLUTE
    D:\1-MyFiles\2-Dev\3-A36Plus\Drivers\LCD\st7735s.c 0x00000000   Number         0  st7735s.o ABSOLUTE
    D:\1-MyFiles\2-Dev\3-A36Plus\Drivers\LCD\st7735s_compat.c 0x00000000   Number         0  st7735s_compat.o ABSOLUTE
    D:\1-MyFiles\2-Dev\3-A36Plus\Hardware\Src\gpio.c 0x00000000   Number         0  gpio.o ABSOLUTE
    D:\1-MyFiles\2-Dev\3-A36Plus\Hardware\Src\spi.c 0x00000000   Number         0  spi.o ABSOLUTE
    D:\1-MyFiles\2-Dev\3-A36Plus\Libraries\GD32\CMSIS\GD\GD32F3x0\Source\ARM\startup_gd32f3x0.s 0x00000000   Number         0  startup_gd32f3x0.o ABSOLUTE
    D:\1-MyFiles\2-Dev\3-A36Plus\Libraries\GD32\CMSIS\GD\GD32F3x0\Source\system_gd32f3x0.c 0x00000000   Number         0  system_gd32f3x0.o ABSOLUTE
    D:\1-MyFiles\2-Dev\3-A36Plus\Libraries\GD32\GD32F3x0_standard_peripheral\Source\gd32f3x0_adc.c 0x00000000   Number         0  gd32f3x0_adc.o ABSOLUTE
    D:\1-MyFiles\2-Dev\3-A36Plus\Libraries\GD32\GD32F3x0_standard_peripheral\Source\gd32f3x0_cec.c 0x00000000   Number         0  gd32f3x0_cec.o ABSOLUTE
    D:\1-MyFiles\2-Dev\3-A36Plus\Libraries\GD32\GD32F3x0_standard_peripheral\Source\gd32f3x0_cmp.c 0x00000000   Number         0  gd32f3x0_cmp.o ABSOLUTE
    D:\1-MyFiles\2-Dev\3-A36Plus\Libraries\GD32\GD32F3x0_standard_peripheral\Source\gd32f3x0_crc.c 0x00000000   Number         0  gd32f3x0_crc.o ABSOLUTE
    D:\1-MyFiles\2-Dev\3-A36Plus\Libraries\GD32\GD32F3x0_standard_peripheral\Source\gd32f3x0_ctc.c 0x00000000   Number         0  gd32f3x0_ctc.o ABSOLUTE
    D:\1-MyFiles\2-Dev\3-A36Plus\Libraries\GD32\GD32F3x0_standard_peripheral\Source\gd32f3x0_dac.c 0x00000000   Number         0  gd32f3x0_dac.o ABSOLUTE
    D:\1-MyFiles\2-Dev\3-A36Plus\Libraries\GD32\GD32F3x0_standard_peripheral\Source\gd32f3x0_dbg.c 0x00000000   Number         0  gd32f3x0_dbg.o ABSOLUTE
    D:\1-MyFiles\2-Dev\3-A36Plus\Libraries\GD32\GD32F3x0_standard_peripheral\Source\gd32f3x0_dma.c 0x00000000   Number         0  gd32f3x0_dma.o ABSOLUTE
    D:\1-MyFiles\2-Dev\3-A36Plus\Libraries\GD32\GD32F3x0_standard_peripheral\Source\gd32f3x0_exti.c 0x00000000   Number         0  gd32f3x0_exti.o ABSOLUTE
    D:\1-MyFiles\2-Dev\3-A36Plus\Libraries\GD32\GD32F3x0_standard_peripheral\Source\gd32f3x0_fmc.c 0x00000000   Number         0  gd32f3x0_fmc.o ABSOLUTE
    D:\1-MyFiles\2-Dev\3-A36Plus\Libraries\GD32\GD32F3x0_standard_peripheral\Source\gd32f3x0_fwdgt.c 0x00000000   Number         0  gd32f3x0_fwdgt.o ABSOLUTE
    D:\1-MyFiles\2-Dev\3-A36Plus\Libraries\GD32\GD32F3x0_standard_peripheral\Source\gd32f3x0_gpio.c 0x00000000   Number         0  gd32f3x0_gpio.o ABSOLUTE
    D:\1-MyFiles\2-Dev\3-A36Plus\Libraries\GD32\GD32F3x0_standard_peripheral\Source\gd32f3x0_i2c.c 0x00000000   Number         0  gd32f3x0_i2c.o ABSOLUTE
    D:\1-MyFiles\2-Dev\3-A36Plus\Libraries\GD32\GD32F3x0_standard_peripheral\Source\gd32f3x0_misc.c 0x00000000   Number         0  gd32f3x0_misc.o ABSOLUTE
    D:\1-MyFiles\2-Dev\3-A36Plus\Libraries\GD32\GD32F3x0_standard_peripheral\Source\gd32f3x0_pmu.c 0x00000000   Number         0  gd32f3x0_pmu.o ABSOLUTE
    D:\1-MyFiles\2-Dev\3-A36Plus\Libraries\GD32\GD32F3x0_standard_peripheral\Source\gd32f3x0_rcu.c 0x00000000   Number         0  gd32f3x0_rcu.o ABSOLUTE
    D:\1-MyFiles\2-Dev\3-A36Plus\Libraries\GD32\GD32F3x0_standard_peripheral\Source\gd32f3x0_rtc.c 0x00000000   Number         0  gd32f3x0_rtc.o ABSOLUTE
    D:\1-MyFiles\2-Dev\3-A36Plus\Libraries\GD32\GD32F3x0_standard_peripheral\Source\gd32f3x0_spi.c 0x00000000   Number         0  gd32f3x0_spi.o ABSOLUTE
    D:\1-MyFiles\2-Dev\3-A36Plus\Libraries\GD32\GD32F3x0_standard_peripheral\Source\gd32f3x0_syscfg.c 0x00000000   Number         0  gd32f3x0_syscfg.o ABSOLUTE
    D:\1-MyFiles\2-Dev\3-A36Plus\Libraries\GD32\GD32F3x0_standard_peripheral\Source\gd32f3x0_timer.c 0x00000000   Number         0  gd32f3x0_timer.o ABSOLUTE
    D:\1-MyFiles\2-Dev\3-A36Plus\Libraries\GD32\GD32F3x0_standard_peripheral\Source\gd32f3x0_tsi.c 0x00000000   Number         0  gd32f3x0_tsi.o ABSOLUTE
    D:\1-MyFiles\2-Dev\3-A36Plus\Libraries\GD32\GD32F3x0_standard_peripheral\Source\gd32f3x0_usart.c 0x00000000   Number         0  gd32f3x0_usart.o ABSOLUTE
    D:\1-MyFiles\2-Dev\3-A36Plus\Libraries\GD32\GD32F3x0_standard_peripheral\Source\gd32f3x0_wwdgt.c 0x00000000   Number         0  gd32f3x0_wwdgt.o ABSOLUTE
    D:\1-MyFiles\2-Dev\3-A36Plus\Users\Src\gd32f3x0_it.c 0x00000000   Number         0  gd32f3x0_it.o ABSOLUTE
    D:\1-MyFiles\2-Dev\3-A36Plus\Users\Src\main.c 0x00000000   Number         0  main.o ABSOLUTE
    D:\1-MyFiles\2-Dev\3-A36Plus\Users\Src\systick.c 0x00000000   Number         0  systick.o ABSOLUTE
    dc.s                                     0x00000000   Number         0  dc.o ABSOLUTE
    !!!main                                  0x00008000   Section        8  __main.o(!!!main)
    !!!scatter                               0x00008008   Section       52  __scatter.o(!!!scatter)
    !!handler_zi                             0x0000803c   Section       28  __scatter_zi.o(!!handler_zi)
    .ARM.Collect$$libinit$$00000000          0x00008058   Section        2  libinit.o(.ARM.Collect$$libinit$$00000000)
    .ARM.Collect$$libinit$$00000001          0x0000805a   Section        4  libinit2.o(.ARM.Collect$$libinit$$00000001)
    .ARM.Collect$$libinit$$00000004          0x0000805e   Section        0  libinit2.o(.ARM.Collect$$libinit$$00000004)
    .ARM.Collect$$libinit$$0000000A          0x0000805e   Section        0  libinit2.o(.ARM.Collect$$libinit$$0000000A)
    .ARM.Collect$$libinit$$0000000C          0x0000805e   Section        0  libinit2.o(.ARM.Collect$$libinit$$0000000C)
    .ARM.Collect$$libinit$$0000000E          0x0000805e   Section        0  libinit2.o(.ARM.Collect$$libinit$$0000000E)
    .ARM.Collect$$libinit$$00000011          0x0000805e   Section        0  libinit2.o(.ARM.Collect$$libinit$$00000011)
    .ARM.Collect$$libinit$$00000013          0x0000805e   Section        0  libinit2.o(.ARM.Collect$$libinit$$00000013)
    .ARM.Collect$$libinit$$00000015          0x0000805e   Section        0  libinit2.o(.ARM.Collect$$libinit$$00000015)
    .ARM.Collect$$libinit$$00000017          0x0000805e   Section        0  libinit2.o(.ARM.Collect$$libinit$$00000017)
    .ARM.Collect$$libinit$$00000019          0x0000805e   Section        0  libinit2.o(.ARM.Collect$$libinit$$00000019)
    .ARM.Collect$$libinit$$0000001B          0x0000805e   Section        0  libinit2.o(.ARM.Collect$$libinit$$0000001B)
    .ARM.Collect$$libinit$$0000001D          0x0000805e   Section        0  libinit2.o(.ARM.Collect$$libinit$$0000001D)
    .ARM.Collect$$libinit$$0000001F          0x0000805e   Section        0  libinit2.o(.ARM.Collect$$libinit$$0000001F)
    .ARM.Collect$$libinit$$00000021          0x0000805e   Section        0  libinit2.o(.ARM.Collect$$libinit$$00000021)
    .ARM.Collect$$libinit$$00000023          0x0000805e   Section        0  libinit2.o(.ARM.Collect$$libinit$$00000023)
    .ARM.Collect$$libinit$$00000025          0x0000805e   Section        0  libinit2.o(.ARM.Collect$$libinit$$00000025)
    .ARM.Collect$$libinit$$0000002C          0x0000805e   Section        0  libinit2.o(.ARM.Collect$$libinit$$0000002C)
    .ARM.Collect$$libinit$$0000002E          0x0000805e   Section        0  libinit2.o(.ARM.Collect$$libinit$$0000002E)
    .ARM.Collect$$libinit$$00000030          0x0000805e   Section        0  libinit2.o(.ARM.Collect$$libinit$$00000030)
    .ARM.Collect$$libinit$$00000032          0x0000805e   Section        0  libinit2.o(.ARM.Collect$$libinit$$00000032)
    .ARM.Collect$$libinit$$00000033          0x0000805e   Section        2  libinit2.o(.ARM.Collect$$libinit$$00000033)
    .ARM.Collect$$libshutdown$$00000000      0x00008060   Section        2  libshutdown.o(.ARM.Collect$$libshutdown$$00000000)
    .ARM.Collect$$libshutdown$$00000002      0x00008062   Section        0  libshutdown2.o(.ARM.Collect$$libshutdown$$00000002)
    .ARM.Collect$$libshutdown$$00000004      0x00008062   Section        0  libshutdown2.o(.ARM.Collect$$libshutdown$$00000004)
    .ARM.Collect$$libshutdown$$00000007      0x00008062   Section        0  libshutdown2.o(.ARM.Collect$$libshutdown$$00000007)
    .ARM.Collect$$libshutdown$$0000000A      0x00008062   Section        0  libshutdown2.o(.ARM.Collect$$libshutdown$$0000000A)
    .ARM.Collect$$libshutdown$$0000000C      0x00008062   Section        0  libshutdown2.o(.ARM.Collect$$libshutdown$$0000000C)
    .ARM.Collect$$libshutdown$$0000000F      0x00008062   Section        0  libshutdown2.o(.ARM.Collect$$libshutdown$$0000000F)
    .ARM.Collect$$libshutdown$$00000010      0x00008062   Section        2  libshutdown2.o(.ARM.Collect$$libshutdown$$00000010)
    .ARM.Collect$$rtentry$$00000000          0x00008064   Section        0  __rtentry.o(.ARM.Collect$$rtentry$$00000000)
    .ARM.Collect$$rtentry$$00000002          0x00008064   Section        0  __rtentry2.o(.ARM.Collect$$rtentry$$00000002)
    .ARM.Collect$$rtentry$$00000004          0x00008064   Section        6  __rtentry4.o(.ARM.Collect$$rtentry$$00000004)
    .ARM.Collect$$rtentry$$00000009          0x0000806a   Section        0  __rtentry2.o(.ARM.Collect$$rtentry$$00000009)
    .ARM.Collect$$rtentry$$0000000A          0x0000806a   Section        4  __rtentry2.o(.ARM.Collect$$rtentry$$0000000A)
    .ARM.Collect$$rtentry$$0000000C          0x0000806e   Section        0  __rtentry2.o(.ARM.Collect$$rtentry$$0000000C)
    .ARM.Collect$$rtentry$$0000000D          0x0000806e   Section        8  __rtentry2.o(.ARM.Collect$$rtentry$$0000000D)
    .ARM.Collect$$rtexit$$00000000           0x00008076   Section        2  rtexit.o(.ARM.Collect$$rtexit$$00000000)
    .ARM.Collect$$rtexit$$00000002           0x00008078   Section        0  rtexit2.o(.ARM.Collect$$rtexit$$00000002)
    .ARM.Collect$$rtexit$$00000003           0x00008078   Section        4  rtexit2.o(.ARM.Collect$$rtexit$$00000003)
    .ARM.Collect$$rtexit$$00000004           0x0000807c   Section        6  rtexit2.o(.ARM.Collect$$rtexit$$00000004)
    .text                                    0x00008084   Section       64  startup_gd32f3x0.o(.text)
    $v0                                      0x00008084   Number         0  startup_gd32f3x0.o(.text)
    .text                                    0x000080c4   Section        0  heapauxi.o(.text)
    .text                                    0x000080ca   Section       74  sys_stackheap_outer.o(.text)
    .text                                    0x00008114   Section        0  exit.o(.text)
    .text                                    0x00008128   Section        8  libspace.o(.text)
    .text                                    0x00008130   Section        0  sys_exit.o(.text)
    .text                                    0x0000813c   Section        2  use_no_semi.o(.text)
    .text                                    0x0000813e   Section        0  indicate_semi.o(.text)
    [Anonymous Symbol]                       0x00008140   Section        0  system_gd32f3x0.o(.text.SystemInit)
    __arm_cp.0_0                             0x00008354   Number         4  system_gd32f3x0.o(.text.SystemInit)
    __arm_cp.0_1                             0x00008358   Number         4  system_gd32f3x0.o(.text.SystemInit)
    __arm_cp.0_2                             0x0000835c   Number         4  system_gd32f3x0.o(.text.SystemInit)
    __arm_cp.0_3                             0x00008360   Number         4  system_gd32f3x0.o(.text.SystemInit)
    __arm_cp.0_4                             0x00008364   Number         4  system_gd32f3x0.o(.text.SystemInit)
    __arm_cp.0_5                             0x00008368   Number         4  system_gd32f3x0.o(.text.SystemInit)
    __arm_cp.0_6                             0x0000836c   Number         4  system_gd32f3x0.o(.text.SystemInit)
    __arm_cp.0_7                             0x00008370   Number         4  system_gd32f3x0.o(.text.SystemInit)
    __arm_cp.0_8                             0x00008374   Number         4  system_gd32f3x0.o(.text.SystemInit)
    __arm_cp.0_9                             0x00008378   Number         4  system_gd32f3x0.o(.text.SystemInit)
    __arm_cp.0_10                            0x0000837c   Number         4  system_gd32f3x0.o(.text.SystemInit)
    __arm_cp.0_11                            0x00008380   Number         4  system_gd32f3x0.o(.text.SystemInit)
    __arm_cp.0_12                            0x00008384   Number         4  system_gd32f3x0.o(.text.SystemInit)
    [Anonymous Symbol]                       0x00008388   Section        0  gd32f3x0_gpio.o(.text.gpio_af_set)
    [Anonymous Symbol]                       0x000083f8   Section        0  gd32f3x0_gpio.o(.text.gpio_bit_set)
    [Anonymous Symbol]                       0x000083fc   Section        0  gpio.o(.text.gpio_config)
    [Anonymous Symbol]                       0x00008450   Section        0  gd32f3x0_gpio.o(.text.gpio_mode_set)
    [Anonymous Symbol]                       0x000084a2   Section        0  gd32f3x0_gpio.o(.text.gpio_output_options_set)
    [Anonymous Symbol]                       0x00008520   Section        0  main.o(.text.main)
    __arm_cp.0_0                             0x00008534   Number         4  main.o(.text.main)
    [Anonymous Symbol]                       0x00008538   Section        0  gd32f3x0_misc.o(.text.nvic_vector_table_set)
    __arm_cp.3_0                             0x00008548   Number         4  gd32f3x0_misc.o(.text.nvic_vector_table_set)
    __arm_cp.3_1                             0x0000854c   Number         4  gd32f3x0_misc.o(.text.nvic_vector_table_set)
    [Anonymous Symbol]                       0x00008550   Section        0  gd32f3x0_rcu.o(.text.rcu_periph_clock_enable)
    __arm_cp.1_0                             0x0000856c   Number         4  gd32f3x0_rcu.o(.text.rcu_periph_clock_enable)
    [Anonymous Symbol]                       0x00008570   Section        0  systick.o(.text.systick_config)
    __arm_cp.0_0                             0x0000859c   Number         4  systick.o(.text.systick_config)
    __arm_cp.0_1                             0x000085a0   Number         4  systick.o(.text.systick_config)
    __arm_cp.0_2                             0x000085a4   Number         4  systick.o(.text.systick_config)
    x$fpl$fpinit                             0x000085a8   Section       10  fpinit.o(x$fpl$fpinit)
    $v0                                      0x000085a8   Number         0  fpinit.o(x$fpl$fpinit)
    .bss                                     0x000085c8   Section       96  libspace.o(.bss)
    HEAP                                     0x00008628   Section     1024  startup_gd32f3x0.o(HEAP)
    Heap_Mem                                 0x00008628   Data        1024  startup_gd32f3x0.o(HEAP)
    STACK                                    0x00008a28   Section     1024  startup_gd32f3x0.o(STACK)
    Stack_Mem                                0x00008a28   Data        1024  startup_gd32f3x0.o(STACK)
    __initial_sp                             0x00008e28   Data           0  startup_gd32f3x0.o(STACK)

    Global Symbols

    Symbol Name                              Value     Ov Type        Size  Object(Section)

    BuildAttributes$$THM_ISAv4$E$P$D$K$B$S$7EM$VFPi3$EXTD16$VFPS$VFMA$PE$A:L22UL41UL21$X:L11$S22US41US21$IEEE1$IW$~IW$USESV6$~STKCKD$USESV7$~SHL$OSPACE$ROPI$EBA8$UX$STANDARDLIB$REQ8$PRES8$EABIv2 0x00000000   Number         0  anon$$obj.o ABSOLUTE
    __ARM_exceptions_init                     - Undefined Weak Reference
    __alloca_initialize                       - Undefined Weak Reference
    __arm_preinit_                            - Undefined Weak Reference
    __cpp_initialize__aeabi_                  - Undefined Weak Reference
    __cxa_finalize                            - Undefined Weak Reference
    __rt_locale                               - Undefined Weak Reference
    __sigvec_lookup                           - Undefined Weak Reference
    _atexit_init                              - Undefined Weak Reference
    _call_atexit_fns                          - Undefined Weak Reference
    _clock_init                               - Undefined Weak Reference
    _fp_trap_init                             - Undefined Weak Reference
    _fp_trap_shutdown                         - Undefined Weak Reference
    _get_lc_collate                           - Undefined Weak Reference
    _get_lc_ctype                             - Undefined Weak Reference
    _get_lc_monetary                          - Undefined Weak Reference
    _get_lc_numeric                           - Undefined Weak Reference
    _get_lc_time                              - Undefined Weak Reference
    _getenv_init                              - Undefined Weak Reference
    _handle_redirection                       - Undefined Weak Reference
    _init_alloc                               - Undefined Weak Reference
    _init_user_alloc                          - Undefined Weak Reference
    _initio                                   - Undefined Weak Reference
    _rand_init                                - Undefined Weak Reference
    _signal_finish                            - Undefined Weak Reference
    _signal_init                              - Undefined Weak Reference
    _terminate_alloc                          - Undefined Weak Reference
    _terminate_user_alloc                     - Undefined Weak Reference
    _terminateio                              - Undefined Weak Reference
    __Vectors_Size                           0x00000150   Number         0  startup_gd32f3x0.o ABSOLUTE
    __main                                   0x00008001   Thumb Code     8  __main.o(!!!main)
    __scatterload                            0x00008009   Thumb Code     0  __scatter.o(!!!scatter)
    __scatterload_rt2                        0x00008009   Thumb Code    44  __scatter.o(!!!scatter)
    __scatterload_rt2_thumb_only             0x00008009   Thumb Code     0  __scatter.o(!!!scatter)
    __scatterload_null                       0x00008017   Thumb Code     0  __scatter.o(!!!scatter)
    __scatterload_zeroinit                   0x0000803d   Thumb Code    28  __scatter_zi.o(!!handler_zi)
    __rt_lib_init                            0x00008059   Thumb Code     0  libinit.o(.ARM.Collect$$libinit$$00000000)
    __rt_lib_init_fp_1                       0x0000805b   Thumb Code     0  libinit2.o(.ARM.Collect$$libinit$$00000001)
    __rt_lib_init_alloca_1                   0x0000805f   Thumb Code     0  libinit2.o(.ARM.Collect$$libinit$$0000002E)
    __rt_lib_init_argv_1                     0x0000805f   Thumb Code     0  libinit2.o(.ARM.Collect$$libinit$$0000002C)
    __rt_lib_init_atexit_1                   0x0000805f   Thumb Code     0  libinit2.o(.ARM.Collect$$libinit$$0000001B)
    __rt_lib_init_clock_1                    0x0000805f   Thumb Code     0  libinit2.o(.ARM.Collect$$libinit$$00000021)
    __rt_lib_init_cpp_1                      0x0000805f   Thumb Code     0  libinit2.o(.ARM.Collect$$libinit$$00000032)
    __rt_lib_init_exceptions_1               0x0000805f   Thumb Code     0  libinit2.o(.ARM.Collect$$libinit$$00000030)
    __rt_lib_init_fp_trap_1                  0x0000805f   Thumb Code     0  libinit2.o(.ARM.Collect$$libinit$$0000001F)
    __rt_lib_init_getenv_1                   0x0000805f   Thumb Code     0  libinit2.o(.ARM.Collect$$libinit$$00000023)
    __rt_lib_init_heap_1                     0x0000805f   Thumb Code     0  libinit2.o(.ARM.Collect$$libinit$$0000000A)
    __rt_lib_init_lc_collate_1               0x0000805f   Thumb Code     0  libinit2.o(.ARM.Collect$$libinit$$00000011)
    __rt_lib_init_lc_ctype_1                 0x0000805f   Thumb Code     0  libinit2.o(.ARM.Collect$$libinit$$00000013)
    __rt_lib_init_lc_monetary_1              0x0000805f   Thumb Code     0  libinit2.o(.ARM.Collect$$libinit$$00000015)
    __rt_lib_init_lc_numeric_1               0x0000805f   Thumb Code     0  libinit2.o(.ARM.Collect$$libinit$$00000017)
    __rt_lib_init_lc_time_1                  0x0000805f   Thumb Code     0  libinit2.o(.ARM.Collect$$libinit$$00000019)
    __rt_lib_init_preinit_1                  0x0000805f   Thumb Code     0  libinit2.o(.ARM.Collect$$libinit$$00000004)
    __rt_lib_init_rand_1                     0x0000805f   Thumb Code     0  libinit2.o(.ARM.Collect$$libinit$$0000000E)
    __rt_lib_init_return                     0x0000805f   Thumb Code     0  libinit2.o(.ARM.Collect$$libinit$$00000033)
    __rt_lib_init_signal_1                   0x0000805f   Thumb Code     0  libinit2.o(.ARM.Collect$$libinit$$0000001D)
    __rt_lib_init_stdio_1                    0x0000805f   Thumb Code     0  libinit2.o(.ARM.Collect$$libinit$$00000025)
    __rt_lib_init_user_alloc_1               0x0000805f   Thumb Code     0  libinit2.o(.ARM.Collect$$libinit$$0000000C)
    __rt_lib_shutdown                        0x00008061   Thumb Code     0  libshutdown.o(.ARM.Collect$$libshutdown$$00000000)
    __rt_lib_shutdown_cpp_1                  0x00008063   Thumb Code     0  libshutdown2.o(.ARM.Collect$$libshutdown$$00000002)
    __rt_lib_shutdown_fp_trap_1              0x00008063   Thumb Code     0  libshutdown2.o(.ARM.Collect$$libshutdown$$00000007)
    __rt_lib_shutdown_heap_1                 0x00008063   Thumb Code     0  libshutdown2.o(.ARM.Collect$$libshutdown$$0000000F)
    __rt_lib_shutdown_return                 0x00008063   Thumb Code     0  libshutdown2.o(.ARM.Collect$$libshutdown$$00000010)
    __rt_lib_shutdown_signal_1               0x00008063   Thumb Code     0  libshutdown2.o(.ARM.Collect$$libshutdown$$0000000A)
    __rt_lib_shutdown_stdio_1                0x00008063   Thumb Code     0  libshutdown2.o(.ARM.Collect$$libshutdown$$00000004)
    __rt_lib_shutdown_user_alloc_1           0x00008063   Thumb Code     0  libshutdown2.o(.ARM.Collect$$libshutdown$$0000000C)
    __rt_entry                               0x00008065   Thumb Code     0  __rtentry.o(.ARM.Collect$$rtentry$$00000000)
    __rt_entry_presh_1                       0x00008065   Thumb Code     0  __rtentry2.o(.ARM.Collect$$rtentry$$00000002)
    __rt_entry_sh                            0x00008065   Thumb Code     0  __rtentry4.o(.ARM.Collect$$rtentry$$00000004)
    __rt_entry_li                            0x0000806b   Thumb Code     0  __rtentry2.o(.ARM.Collect$$rtentry$$0000000A)
    __rt_entry_postsh_1                      0x0000806b   Thumb Code     0  __rtentry2.o(.ARM.Collect$$rtentry$$00000009)
    __rt_entry_main                          0x0000806f   Thumb Code     0  __rtentry2.o(.ARM.Collect$$rtentry$$0000000D)
    __rt_entry_postli_1                      0x0000806f   Thumb Code     0  __rtentry2.o(.ARM.Collect$$rtentry$$0000000C)
    __rt_exit                                0x00008077   Thumb Code     0  rtexit.o(.ARM.Collect$$rtexit$$00000000)
    __rt_exit_ls                             0x00008079   Thumb Code     0  rtexit2.o(.ARM.Collect$$rtexit$$00000003)
    __rt_exit_prels_1                        0x00008079   Thumb Code     0  rtexit2.o(.ARM.Collect$$rtexit$$00000002)
    __rt_exit_exit                           0x0000807d   Thumb Code     0  rtexit2.o(.ARM.Collect$$rtexit$$00000004)
    Reset_Handler                            0x00008085   Thumb Code     8  startup_gd32f3x0.o(.text)
    ADC_CMP_IRQHandler                       0x0000809f   Thumb Code     0  startup_gd32f3x0.o(.text)
    CEC_IRQHandler                           0x0000809f   Thumb Code     0  startup_gd32f3x0.o(.text)
    DMA_Channel0_IRQHandler                  0x0000809f   Thumb Code     0  startup_gd32f3x0.o(.text)
    DMA_Channel1_2_IRQHandler                0x0000809f   Thumb Code     0  startup_gd32f3x0.o(.text)
    DMA_Channel3_4_IRQHandler                0x0000809f   Thumb Code     0  startup_gd32f3x0.o(.text)
    DMA_Channel5_6_IRQHandler                0x0000809f   Thumb Code     0  startup_gd32f3x0.o(.text)
    EXTI0_1_IRQHandler                       0x0000809f   Thumb Code     0  startup_gd32f3x0.o(.text)
    EXTI2_3_IRQHandler                       0x0000809f   Thumb Code     0  startup_gd32f3x0.o(.text)
    EXTI4_15_IRQHandler                      0x0000809f   Thumb Code     0  startup_gd32f3x0.o(.text)
    FMC_IRQHandler                           0x0000809f   Thumb Code     0  startup_gd32f3x0.o(.text)
    I2C0_ER_IRQHandler                       0x0000809f   Thumb Code     0  startup_gd32f3x0.o(.text)
    I2C0_EV_IRQHandler                       0x0000809f   Thumb Code     0  startup_gd32f3x0.o(.text)
    I2C1_ER_IRQHandler                       0x0000809f   Thumb Code     0  startup_gd32f3x0.o(.text)
    I2C1_EV_IRQHandler                       0x0000809f   Thumb Code     0  startup_gd32f3x0.o(.text)
    LVD_IRQHandler                           0x0000809f   Thumb Code     0  startup_gd32f3x0.o(.text)
    RCU_CTC_IRQHandler                       0x0000809f   Thumb Code     0  startup_gd32f3x0.o(.text)
    RTC_IRQHandler                           0x0000809f   Thumb Code     0  startup_gd32f3x0.o(.text)
    SPI0_IRQHandler                          0x0000809f   Thumb Code     0  startup_gd32f3x0.o(.text)
    SPI1_IRQHandler                          0x0000809f   Thumb Code     0  startup_gd32f3x0.o(.text)
    TIMER0_BRK_UP_TRG_COM_IRQHandler         0x0000809f   Thumb Code     0  startup_gd32f3x0.o(.text)
    TIMER0_Channel_IRQHandler                0x0000809f   Thumb Code     0  startup_gd32f3x0.o(.text)
    TIMER13_IRQHandler                       0x0000809f   Thumb Code     0  startup_gd32f3x0.o(.text)
    TIMER14_IRQHandler                       0x0000809f   Thumb Code     0  startup_gd32f3x0.o(.text)
    TIMER15_IRQHandler                       0x0000809f   Thumb Code     0  startup_gd32f3x0.o(.text)
    TIMER16_IRQHandler                       0x0000809f   Thumb Code     0  startup_gd32f3x0.o(.text)
    TIMER1_IRQHandler                        0x0000809f   Thumb Code     0  startup_gd32f3x0.o(.text)
    TIMER2_IRQHandler                        0x0000809f   Thumb Code     0  startup_gd32f3x0.o(.text)
    TIMER5_DAC_IRQHandler                    0x0000809f   Thumb Code     0  startup_gd32f3x0.o(.text)
    TSI_IRQHandler                           0x0000809f   Thumb Code     0  startup_gd32f3x0.o(.text)
    USART0_IRQHandler                        0x0000809f   Thumb Code     0  startup_gd32f3x0.o(.text)
    USART1_IRQHandler                        0x0000809f   Thumb Code     0  startup_gd32f3x0.o(.text)
    USBFS_IRQHandler                         0x0000809f   Thumb Code     0  startup_gd32f3x0.o(.text)
    USBFS_WKUP_IRQHandler                    0x0000809f   Thumb Code     0  startup_gd32f3x0.o(.text)
    WWDGT_IRQHandler                         0x0000809f   Thumb Code     0  startup_gd32f3x0.o(.text)
    __user_initial_stackheap                 0x000080a1   Thumb Code    10  startup_gd32f3x0.o(.text)
    __use_two_region_memory                  0x000080c5   Thumb Code     2  heapauxi.o(.text)
    __rt_heap_escrow$2region                 0x000080c7   Thumb Code     2  heapauxi.o(.text)
    __rt_heap_expand$2region                 0x000080c9   Thumb Code     2  heapauxi.o(.text)
    __user_setup_stackheap                   0x000080cb   Thumb Code    74  sys_stackheap_outer.o(.text)
    exit                                     0x00008115   Thumb Code    18  exit.o(.text)
    __user_libspace                          0x00008129   Thumb Code     8  libspace.o(.text)
    __user_perproc_libspace                  0x00008129   Thumb Code     0  libspace.o(.text)
    __user_perthread_libspace                0x00008129   Thumb Code     0  libspace.o(.text)
    _sys_exit                                0x00008131   Thumb Code     8  sys_exit.o(.text)
    __I$use$semihosting                      0x0000813d   Thumb Code     0  use_no_semi.o(.text)
    __use_no_semihosting_swi                 0x0000813d   Thumb Code     2  use_no_semi.o(.text)
    __semihosting_library_function           0x0000813f   Thumb Code     0  indicate_semi.o(.text)
    SystemInit                               0x00008141   Thumb Code   584  system_gd32f3x0.o(.text.SystemInit)
    gpio_af_set                              0x00008389   Thumb Code   112  gd32f3x0_gpio.o(.text.gpio_af_set)
    gpio_bit_set                             0x000083f9   Thumb Code     4  gd32f3x0_gpio.o(.text.gpio_bit_set)
    gpio_config                              0x000083fd   Thumb Code    88  gpio.o(.text.gpio_config)
    gpio_mode_set                            0x00008451   Thumb Code    82  gd32f3x0_gpio.o(.text.gpio_mode_set)
    gpio_output_options_set                  0x000084a3   Thumb Code   124  gd32f3x0_gpio.o(.text.gpio_output_options_set)
    main                                     0x00008521   Thumb Code    24  main.o(.text.main)
    nvic_vector_table_set                    0x00008539   Thumb Code    24  gd32f3x0_misc.o(.text.nvic_vector_table_set)
    rcu_periph_clock_enable                  0x00008551   Thumb Code    32  gd32f3x0_rcu.o(.text.rcu_periph_clock_enable)
    systick_config                           0x00008571   Thumb Code    56  systick.o(.text.systick_config)
    _fp_init                                 0x000085a9   Thumb Code    10  fpinit.o(x$fpl$fpinit)
    __fplib_config_fpu_vfp                   0x000085b1   Thumb Code     0  fpinit.o(x$fpl$fpinit)
    __fplib_config_pureend_doubles           0x000085b1   Thumb Code     0  fpinit.o(x$fpl$fpinit)
    Region$$Table$$Base                      0x000085b4   Number         0  anon$$obj.o(Region$$Table)
    Region$$Table$$Limit                     0x000085c4   Number         0  anon$$obj.o(Region$$Table)
    SystemCoreClock                          0x000085c4   Data           4  system_gd32f3x0.o(.data.SystemCoreClock)
    __libspace_start                         0x000085c8   Data          96  libspace.o(.bss)
    __temporary_stack_top$libspace           0x00008628   Data           0  libspace.o(.bss)



==============================================================================

Image component sizes


      Code (inc. data)   RO Data    RW Data    ZI Data      Debug   Object Name

       322          0          0          0          0       5016   gd32f3x0_gpio.o
        24          8          0          0          0       3599   gd32f3x0_misc.o
        32          4          0          0          0      15423   gd32f3x0_rcu.o
        84          0          0          0          0       1394   gpio.o
        24          4          0          0          0        598   main.o
        64         26          0          0       2048       1004   startup_gd32f3x0.o
       584         52          0          4          0       2563   system_gd32f3x0.o
        56         12          0          0          0       3432   systick.o

    ----------------------------------------------------------------------
      1192        106         16          4       2048      33029   Object Totals
         0          0         16          0          0          0   (incl. Generated)
         2          0          0          0          0          0   (incl. Padding)

    ----------------------------------------------------------------------

      Code (inc. data)   RO Data    RW Data    ZI Data      Debug   Library Member Name

         8          0          0          0          0         68   __main.o
         0          0          0          0          0          0   __rtentry.o
        12          0          0          0          0          0   __rtentry2.o
         6          0          0          0          0          0   __rtentry4.o
        52          8          0          0          0          0   __scatter.o
        28          0          0          0          0          0   __scatter_zi.o
        18          0          0          0          0         80   exit.o
         6          0          0          0          0        152   heapauxi.o
         0          0          0          0          0          0   indicate_semi.o
         2          0          0          0          0          0   libinit.o
         6          0          0          0          0          0   libinit2.o
         2          0          0          0          0          0   libshutdown.o
         2          0          0          0          0          0   libshutdown2.o
         8          4          0          0         96         68   libspace.o
         2          0          0          0          0          0   rtexit.o
        10          0          0          0          0          0   rtexit2.o
        12          4          0          0          0         68   sys_exit.o
        74          0          0          0          0         80   sys_stackheap_outer.o
         2          0          0          0          0         68   use_no_semi.o
        10          0          0          0          0        116   fpinit.o

    ----------------------------------------------------------------------
       268         16          0          0         96        700   Library Totals
         8          0          0          0          0          0   (incl. Padding)

    ----------------------------------------------------------------------

      Code (inc. data)   RO Data    RW Data    ZI Data      Debug   Library Name

       250         16          0          0         96        584   c_w.l
        10          0          0          0          0        116   fz_wm.l

    ----------------------------------------------------------------------
       268         16          0          0         96        700   Library Totals

    ----------------------------------------------------------------------

==============================================================================


      Code (inc. data)   RO Data    RW Data    ZI Data      Debug   

      1460        122         16          4       2144      33409   Grand Totals
      1460        122         16          4       2144      33409   ELF Image Totals
      1460        122         16          4          0          0   ROM Totals

==============================================================================

    Total RO  Size (Code + RO Data)                 1476 (   1.44kB)
    Total RW  Size (RW Data + ZI Data)              2148 (   2.10kB)
    Total ROM Size (Code + RO Data + RW Data)       1480 (   1.45kB)

==============================================================================

